[funtechinnovation.com/zh-hant/index.html]
[backblue.gif]
[fade.gif]
[index.html]
[funtechinnovation.com/zh-hant/comments/feed/index.html]
[funtechinnovation.com/zh-hant/feed/index.html]
[funtechinnovation.com/wp-content/cache/wpfc-minified/1ouba4jj/bxdgd.css]
[funtechinnovation.com/wp-content/cache/wpfc-minified/mo7xbm0j/bxezk.css]
[funtechinnovation.com/wp-content/uploads/elementor/css/post-1599507a7.css]
[funtechinnovation.com/wp-content/cache/wpfc-minified/nnbfc9c/bxdgd.css]
[funtechinnovation.com/wp-content/uploads/elementor/css/post-2247466ac.css]
[funtechinnovation.com/wp-content/uploads/elementor/css/post-22613546d.css]
[funtechinnovation.com/wp-content/cache/wpfc-minified/8yifkrja/bxdgd.css]
[funtechinnovation.com/wp-content/cache/wpfc-minified/dh9vp85d/bxdgd.css]
[funtechinnovation.com/wp-content/cache/wpfc-minified/fddbyvpu/bxdgd.css]
[funtechinnovation.com/wp-content/cache/wpfc-minified/m9qyhlia/bxdgd.js]
[funtechinnovation.com/wp-content/cache/wpfc-minified/9a8hie8g/bxdgd.js]
[funtechinnovation.com/zh-hant/wp-json/index.html]
[funtechinnovation.com/zh-hant/wp-json/wp/v2/pages/22474.json]
[funtechinnovation.com/zh-hant/wp-json/oembed/1.0/embed019d.json]
[funtechinnovation.com/zh-hant/wp-json/oembed/1.0/embeda536]
[funtechinnovation.com/wp-content/uploads/2022/08/cropped-website-favicon-1-32x32.png]
[funtechinnovation.com/wp-content/uploads/2022/08/cropped-website-favicon-1-192x192.png]
[funtechinnovation.com/zh-hant/cart/index.html]
[funtechinnovation.com/wp-content/uploads/2022/08/cropped-website-favicon-1-180x180.png]
[funtechinnovation.com/wp-content/uploads/2021/08/Earth.png]
[funtechinnovation.com/wp-content/uploads/2022/08/website-master-logo-white.png]
[funtechinnovation.com/wp-content/uploads/2023/05/FTI_logo1_Gray-background-copy-1024x385.png]
[funtechinnovation.com/wp-content/uploads/2023/05/bright-lightbulb.png]
[funtechinnovation.com/zh-hant/product-portfolio/index.html]
[funtechinnovation.com/zh-hant/innex/cube/index.html]
[funtechinnovation.com/zh-hant/innex/webcam-c830/index.html]
[funtechinnovation.com/zh-hant/innex/webcam-c570/index.html]
[funtechinnovation.com/zh-hant/innex-conference-cam-c831/index.html]
[funtechinnovation.com/zh-hant/innex/webcam-c470/index.html]
[funtechinnovation.com/zh-hant/innex/webcam-c220/index.html]
[funtechinnovation.com/zh-hant/innex/table-stand/index.html]
[funtechinnovation.com/zh-hant/innex/visualizer-dc500/index.html]
[funtechinnovation.com/zh-hant/ideao/visualizer-dc400/index.html]
[funtechinnovation.com/zh-hant/innex/connect/index.html]
[funtechinnovation.com/zh-hant/ideao/hub/index.html]
[funtechinnovation.com/zh-hant/ideao/pen/index.html]
[funtechinnovation.com/zh-hant/software/index.html]
[funtechinnovation.com/wp-content/uploads/2023/05/box.png]
[funtechinnovation.com/zh-hant/software/reactiv-suite/index.html]
[funtechinnovation.com/zh-hant/software/innex-studio/index.html]
[funtechinnovation.com/zh-hant/software/innex-camera-vap-studio/index.html]
[funtechinnovation.com/zh-hant/software/ideao-visualcam/index.html]
[funtechinnovation.com/zh-hant/software/ideaocam/index.html]
[funtechinnovation.com/zh-hant/solutions/conference-space/index.html]
[funtechinnovation.com/zh-hant/solutions/index.html]
[funtechinnovation.com/zh-hant/solutions/hybrid-classroom/index.html]
[funtechinnovation.com/zh-hant/solutions/work-from-home/index.html]
[funtechinnovation.com/zh-hant/solutions/remote-learning/index.html]
[funtechinnovation.com/zh-hant/solutions/online-coaching/index.html]
[funtechinnovation.com/zh-hant/solutions/digital-table/index.html]
[funtechinnovation.com/zh-hant/support/index.html]
[funtechinnovation.com/zh-hant/faq/index.html]
[funtechinnovation.com/zh-hant/downloads/index.html]
[funtechinnovation.com/zh-hant/testimonials/index.html]
[funtechinnovation.com/wp-content/uploads/2023/05/touch.png]
[funtechinnovation.com/wp-content/uploads/2023/05/video-camera.png]
[funtechinnovation.com/wp-content/uploads/2023/05/sound-waves.png]
[funtechinnovation.com/wp-content/uploads/2023/05/interactive.png]
[funtechinnovation.com/wp-content/uploads/2023/05/wireless-internet-connection.png]
[funtechinnovation.com/wp-content/uploads/2023/05/interactive-white.png]
[funtechinnovation.com/wp-content/uploads/2023/05/wireless-internet-connection-1.png]
[funtechinnovation.com/wp-content/uploads/2023/05/Screenshot-2023-05-24-at-2.38.13-PM.png]
[funtechinnovation.com/wp-content/uploads/2023/05/lab-2.png]
[funtechinnovation.com/wp-content/uploads/2023/05/lab-1.jpg]
[funtechinnovation.com/wp-content/uploads/2023/07/IFUSA-2023-PR-cover-1-300x200.jpg]
[funtechinnovation.com/zh-hant/press-release-infocomm-2023/index.html]
[funtechinnovation.com/wp-content/uploads/2023/01/ISE-2023-PR-featured-300x200.jpg]
[funtechinnovation.com/wp-content/uploads/2022/09/PR-banner-Hualiteq-中-300x200.jpg]
[funtechinnovation.com/zh-hant/category/press-release-zh-hant/index.html]
[funtechinnovation.com/zh-hant/author/joanna/index.html]
[funtechinnovation.com/zh-hant/ise-2023/index.html]
[funtechinnovation.com/zh-hant/華厚股份有限公司成為宏智科創在台代理商/index.html]
[platform.linkedin.com/in.js]
[funtechinnovation.com/zh-hant/about-us/index.html]
[www.google.com/recaptcha/api.js]
[funtechinnovation.com/zh-hant/technology-partners/index.html]
[funtechinnovation.com/wp-content/cache/wpfc-minified/7wlyf3tu/bxdgw.css]
[funtechinnovation.com/wp-includes/js/dist/hooks.min2757.js]
[funtechinnovation.com/wp-includes/js/dist/i18n.minc33c.js]
[funtechinnovation.com/wp-includes/js/jquery/jquery.form.minb2f9.js]
[funtechinnovation.com/wp-includes/js/imagesloaded.minbb93.js]
[funtechinnovation.com/wp-content/themes/oceanwp/assets/js/theme.min5152.js]
[funtechinnovation.com/wp-content/themes/oceanwp/assets/js/drop-down-mobile-menu.min5152.js]
[funtechinnovation.com/wp-content/themes/oceanwp/assets/js/vendors/magnific-popup.min5152.js]
[funtechinnovation.com/wp-content/themes/oceanwp/assets/js/ow-lightbox.min5152.js]
[funtechinnovation.com/wp-content/themes/oceanwp/assets/js/vendors/flickity.pkgd.min5152.js]
[funtechinnovation.com/wp-content/themes/oceanwp/assets/js/ow-slider.min5152.js]
[funtechinnovation.com/wp-content/themes/oceanwp/assets/js/scroll-effect.min5152.js]
[funtechinnovation.com/wp-content/themes/oceanwp/assets/js/select.min5152.js]
[funtechinnovation.com/wp-content/plugins/easy-fancybox/fancybox/1.5.4/jquery.fancybox65b7.js]
[funtechinnovation.com/wp-content/plugins/elementor-extras/assets/lib/jquery-easing/jquery-easing.min9e1e.js]
[funtechinnovation.com/wp-content/plugins/easy-fancybox/vendor/jquery.mousewheela9d5.js]
[funtechinnovation.com/wp-content/plugins/essential-addons-for-elementor-lite/assets/front-end/js/view/general.min29ad.js]
[funtechinnovation.com/wp-includes/js/hoverIntent.min3e5a.js]
[funtechinnovation.com/wp-content/plugins/megamenu/js/maxmegamenue5ca.js]
[funtechinnovation.com/wp-content/plugins/ocean-sticky-header/assets/js/sticky-header.min.js]
[funtechinnovation.com/wp-content/plugins/elementor/assets/js/webpack.runtime.minafc7.js]
[funtechinnovation.com/wp-content/plugins/elementor/assets/js/frontend-modules.minafc7.js]
[funtechinnovation.com/wp-content/plugins/elementor/assets/lib/waypoints/waypoints.min05da.js]
[funtechinnovation.com/wp-includes/js/jquery/ui/core.minb37e.js]
[funtechinnovation.com/wp-content/plugins/elementor/assets/lib/swiper/swiper.min48f5.js]
[funtechinnovation.com/wp-content/plugins/elementor/assets/lib/share-link/share-link.minafc7.js]
[funtechinnovation.com/wp-content/plugins/elementor/assets/lib/dialog/dialog.mind227.js]
[funtechinnovation.com/wp-content/plugins/elementor/assets/js/frontend.minafc7.js]
[funtechinnovation.com/wp-content/plugins/ocean-elementor-widgets/assets/js/vendors/salvattore.min109c.js]
[funtechinnovation.com/wp-content/plugins/ocean-elementor-widgets/assets/js/vendors/isotope.pkgd.min7c45.js]
[funtechinnovation.com/wp-content/plugins/ocean-elementor-widgets/assets/js/blog-grid.min109c.js]
[www.google.com/recaptcha/api92ac.js]
[funtechinnovation.com/wp-content/plugins/elementor-pro/assets/js/webpack-pro.runtime.min6b60.js]
[funtechinnovation.com/wp-content/plugins/elementor-pro/assets/js/frontend.min6b60.js]
[funtechinnovation.com/wp-content/plugins/elementor-pro/assets/js/preloaded-elements-handlers.min6b60.js]
[funtechinnovation.com/wp-content/plugins/elementor/assets/js/preloaded-modules.minafc7.js]
[funtechinnovation.com/wp-content/plugins/elementor-pro/assets/lib/sticky/jquery.sticky.min6b60.js]
[funtechinnovation.com/wp-content/plugins/elementor-extras/assets/js/frontend.min7152.js]
[cdnjs.cloudflare.com/ajax/libs/gsap/2.1.3/TweenMax.min.js]
[funtechinnovation.com/wp-content/plugins/elementor-extras/assets/lib/parallax-gallery/parallax-gallery.min8a54.js]
[funtechinnovation.com/zh-hant/index.html]
[funtechinnovation.com/wp-content/cache/wpfc-minified/1ouba4jj/bxdgd.css]
[funtechinnovation.com/wp-content/cache/wpfc-minified/mo7xbm0j/bxezk.css]
[funtechinnovation.com/wp-content/uploads/elementor/css/post-1599507a7.css]
[funtechinnovation.com/wp-content/cache/wpfc-minified/nnbfc9c/bxdgd.css]
[funtechinnovation.com/wp-content/plugins/elementor-extras/assets/lib/hotips/hotips.minf488.js]
[funtechinnovation.com/wp-content/uploads/2023/05/Banner-display.jpg]
[funtechinnovation.com/wp-content/uploads/2023/05/pattern-bg.jpg]
[funtechinnovation.com/wp-content/uploads/2023/05/Pattern-bg.png]
[funtechinnovation.com/wp-content/uploads/elementor/css/post-2247466ac.css]
[funtechinnovation.com/wp-content/uploads/2023/11/footer-bg-black.jpg]
[funtechinnovation.com/wp-content/uploads/elementor/css/post-22613546d.css]
[funtechinnovation.com/wp-content/cache/wpfc-minified/8yifkrja/bxdgd.css]
[funtechinnovation.com/wp-content/plugins/ocean-extra/assets/img/instagram-logo.png]
[funtechinnovation.com/wp-content/cache/wpfc-minified/dh9vp85d/bxdgd.css]
[funtechinnovation.com/wp-content/cache/wpfc-minified/fddbyvpu/bxdgd.css]
[www.iospecialist.com/images/bg_direction_nav.html]
[funtechinnovation.com/wp-content/uploads/elementor/css/post-236104c5e.css]
[funtechinnovation.com/zh-hant/wp-json/wp/v2/pages/23610.json]
[funtechinnovation.com/zh-hant/wp-json/oembed/1.0/embeda8e0.json]
[funtechinnovation.com/zh-hant/wp-json/oembed/1.0/embed6660]
[funtechinnovation.com/wp-content/cache/wpfc-minified/dfz914xk/bxdgd.css]
[funtechinnovation.com/zh-hant/cart/index.html]
[funtechinnovation.com/wp-content/plugins/easy-fancybox/fancybox/1.5.4/jquery.fancybox0b5e.js]
[funtechinnovation.com/wp-content/uploads/elementor/css/post-39399e896.css]
[funtechinnovation.com/wp-content/cache/wpfc-minified/e77gs5nk/bxezk.css]
[funtechinnovation.com/zh-hant/wp-json/wp/v2/pages/39399.json]
[funtechinnovation.com/zh-hant/wp-json/oembed/1.0/embedda93.json]
[funtechinnovation.com/zh-hant/wp-json/oembed/1.0/embed0e6d]
[funtechinnovation.com/wp-content/uploads/2022/03/same-size_cube-768x512.png]
[funtechinnovation.com/wp-content/uploads/2021/07/same-size_C8302-768x512.png]
[funtechinnovation.com/wp-content/uploads/2022/08/same-size_C570-768x512.png]
[funtechinnovation.com/wp-content/uploads/2021/07/same-size_C4702-768x512.png]
[funtechinnovation.com/wp-content/uploads/2021/07/same-size_C220-768x512.png]
[funtechinnovation.com/wp-content/uploads/2023/05/Stand-same-size-768x512.png]
[funtechinnovation.com/wp-content/uploads/2022/11/Innex-logo-300x81.png]
[funtechinnovation.com/wp-content/uploads/2023/05/same-size-dc500.png]
[funtechinnovation.com/wp-content/uploads/2023/02/innex-DC500-logo.png]
[funtechinnovation.com/wp-content/uploads/2021/07/same-size_P4U.png]
[funtechinnovation.com/wp-content/uploads/2023/04/same-size_connect-768x512.png]
[funtechinnovation.com/wp-content/uploads/2023/03/innex-connect_gray.png]
[funtechinnovation.com/wp-content/uploads/2023/06/same-size_cm.png]
[funtechinnovation.com/wp-content/uploads/2023/05/Innex-CM-logo.png]
[funtechinnovation.com/wp-content/uploads/2022/04/same-size_hubwpen.png]
[funtechinnovation.com/zh-hant/innex/cm-series/index.html]
[funtechinnovation.com/wp-content/uploads/2022/03/ideao-hub_gray.png]
[funtechinnovation.com/wp-content/uploads/2022/09/same-size_ideao-pen.png]
[funtechinnovation.com/wp-content/uploads/2022/09/ideao-pen_gray.png]
[funtechinnovation.com/zh-hant/product-portfolio/index.html]
[funtechinnovation.com/wp-content/plugins/easy-fancybox/fancybox/1.5.4/jquery.fancyboxdb67.js]
[funtechinnovation.com/wp-content/cache/wpfc-minified/8j2i4whl/c3ljt.css]
[funtechinnovation.com/wp-content/cache/wpfc-minified/97sjy7r7/bxdgd.css]
[funtechinnovation.com/wp-content/uploads/elementor/css/post-277204051.css]
[funtechinnovation.com/wp-content/cache/wpfc-minified/mo7g6zxg/bxfnh.css]
[funtechinnovation.com/zh-hant/wp-json/wp/v2/pages/27720.json]
[funtechinnovation.com/zh-hant/wp-json/oembed/1.0/embed4884.json]
[funtechinnovation.com/zh-hant/wp-json/oembed/1.0/embedaae8]
[funtechinnovation.com/wp-content/uploads/2022/03/Cube-icon-4cam.png]
[funtechinnovation.com/wp-content/uploads/2022/03/Cube-icon-4L.png]
[funtechinnovation.com/wp-content/uploads/2022/03/Cube-icon-ai_orange.png]
[funtechinnovation.com/wp-content/uploads/2022/03/Cube-icon-AI-tracking.png]
[funtechinnovation.com/wp-content/uploads/2022/03/Cube-icon-Multi-Video-modes.png]
[funtechinnovation.com/wp-content/uploads/2022/03/Cube-icon-button.png]
[funtechinnovation.com/wp-content/uploads/2022/03/Cube-icon-remote-controller.png]
[funtechinnovation.com/wp-content/uploads/2022/03/Cube-icon-mics.png]
[funtechinnovation.com/wp-content/uploads/2022/03/Cube-icon-stand_2.png]
[funtechinnovation.com/wp-content/uploads/2022/03/plug_n_play-copy.png]
[funtechinnovation.com/wp-content/uploads/2022/03/4cam_final_1207.181R-300x284.png]
[funtechinnovation.com/wp-content/uploads/2022/03/Screen-Shot-2022-03-22-at-5.54.44-PM.png]
[funtechinnovation.com/wp-content/uploads/2022/03/Screen-Shot-2022-03-22-at-5.54.39-PM-251x300.png]
[funtechinnovation.com/wp-content/uploads/2022/03/Cube_top-view-942x1024.jpg]
[funtechinnovation.com/wp-content/uploads/2022/03/Cube_table-1024x854.jpg]
[funtechinnovation.com/wp-content/uploads/2022/03/cube_360_table-1024x683.jpg]
[funtechinnovation.com/wp-content/uploads/2022/03/Cube_mic-1024x683.jpg]
[funtechinnovation.com/wp-content/uploads/2022/03/Cube-button-1024x683.png]
[funtechinnovation.com/wp-content/uploads/2022/03/Cube_remotecontrol-1024x683.jpg]
[funtechinnovation.com/wp-content/uploads/2022/03/Cube-video-modes-1.png]
[funtechinnovation.com/wp-content/uploads/2022/03/Cube-video-modes-2.png]
[funtechinnovation.com/wp-content/uploads/2022/03/Cube-video-modes-3.png]
[funtechinnovation.com/wp-content/uploads/2022/03/Cube-video-modes-4.png]
[funtechinnovation.com/wp-content/uploads/2022/03/Cube-video-modes-5.png]
[funtechinnovation.com/wp-content/uploads/2022/03/Cube-video-modes-6.png]
[funtechinnovation.com/wp-content/uploads/2022/07/ignorezone遮罩.jpg]
[funtechinnovation.com/wp-content/uploads/2022/07/ignore-zone-output-1024x576.jpg]
[funtechinnovation.com/wp-content/uploads/2022/05/cube_clickshare.png]
[funtechinnovation.com/wp-content/uploads/2023/12/Cube-executive-office.jpg]
[funtechinnovation.com/wp-content/uploads/2023/12/Cube-huddle-space.jpg]
[funtechinnovation.com/wp-content/uploads/2023/12/Cube-open-area.jpg]
[funtechinnovation.com/wp-content/uploads/2022/03/Cube-acc-cube.png]
[funtechinnovation.com/wp-content/uploads/2022/03/Cube-wooden-base-.png]
[funtechinnovation.com/wp-content/uploads/2022/03/Cube-poles-.png]
[funtechinnovation.com/wp-content/uploads/2022/05/remote-control.png]
[funtechinnovation.com/wp-content/uploads/2022/03/Cube-cable-.png]
[funtechinnovation.com/wp-content/uploads/2022/03/Cube-bag-.png]
[funtechinnovation.com/wp-content/uploads/elementor/css/post-214928b9f.css]
[funtechinnovation.com/wp-content/uploads/essential-addons-elementor/eael-2772039d3.js]
[funtechinnovation.com/zh-hant/innex/cube/index.html]
[funtechinnovation.com/wp-content/plugins/easy-fancybox/fancybox/1.5.4/jquery.fancybox14d7.js]
[funtechinnovation.com/wp-content/cache/wpfc-minified/8vw6oicd/2hd0u.css]
[funtechinnovation.com/wp-content/uploads/elementor/css/post-691074bc6.css]
[funtechinnovation.com/zh-hant/wp-json/wp/v2/pages/69107.json]
[funtechinnovation.com/zh-hant/wp-json/oembed/1.0/embed5da0.json]
[funtechinnovation.com/zh-hant/wp-json/oembed/1.0/embedb8fb]
[funtechinnovation.com/wp-content/uploads/2024/10/innex-C831_white.png]
[funtechinnovation.com/wp-content/uploads/2024/10/Memorize-Your-Ideal-View-icon-01-01.png]
[funtechinnovation.com/wp-content/uploads/2021/04/angle-adjustment.png]
[funtechinnovation.com/wp-content/uploads/2021/04/wide-angle.png]
[funtechinnovation.com/wp-content/uploads/2021/04/microphone.png]
[funtechinnovation.com/wp-content/uploads/2021/04/human-focus.png]
[funtechinnovation.com/wp-content/uploads/2021/04/sound-waves.png]
[funtechinnovation.com/wp-content/uploads/2021/04/light-bulb.png]
[funtechinnovation.com/wp-content/uploads/2024/10/c831.1539-1.png]
[funtechinnovation.com/wp-content/uploads/2024/10/5-angle-switch-02-scaled.jpg]
[funtechinnovation.com/wp-content/uploads/2024/10/main-functions-03-scaled.jpg]
[funtechinnovation.com/wp-content/uploads/2024/10/memory-mode-01-scaled.jpg]
[funtechinnovation.com/wp-content/uploads/2024/10/innex-studio_white-01.png]
[funtechinnovation.com/wp-content/uploads/2021/10/studio-overviewgrid.jpg]
[funtechinnovation.com/wp-content/uploads/2021/10/studio-manual.jpg]
[funtechinnovation.com/wp-content/uploads/2021/11/studio-autoframingR.gif]
[funtechinnovation.com/wp-content/uploads/2021/11/studio-gridR.gif]
[funtechinnovation.com/wp-content/uploads/2021/11/studio-whiteboardR3.jpg]
[funtechinnovation.com/wp-content/uploads/2021/11/studio-speakerR4.jpg]
[funtechinnovation.com/wp-content/uploads/2021/10/pan-updown.gif]
[funtechinnovation.com/wp-content/uploads/2021/10/ontracking.png]
[funtechinnovation.com/wp-content/uploads/2022/01/180roomcoverage.jpg]
[funtechinnovation.com/wp-content/uploads/2021/05/830cam-angle-180.jpg]
[funtechinnovation.com/wp-content/uploads/2021/05/830cam-angle-150.jpg]
[funtechinnovation.com/wp-content/uploads/2021/05/830cam-angle-120.jpg]
[funtechinnovation.com/wp-content/uploads/2021/05/830cam-angle-90-1.jpg]
[funtechinnovation.com/wp-content/uploads/2021/05/830cam-angle-75-1.jpg]
[funtechinnovation.com/wp-content/uploads/2021/07/meetingroompangif.gif]
[funtechinnovation.com/wp-content/uploads/2021/04/13231-compressed-1024x683.jpg]
[funtechinnovation.com/wp-content/uploads/2024/10/c831.1542-1.png]
[funtechinnovation.com/wp-content/uploads/2021/04/Mounting-options_tripod-1-1024x683.jpg]
[funtechinnovation.com/wp-content/uploads/2021/04/Mounting-options_clip-1-1024x683.jpg]
[funtechinnovation.com/wp-content/uploads/2021/04/Mounting-options_wallmount-1-1024x683.jpg]
[funtechinnovation.com/wp-content/uploads/2021/04/software_icon_1-.png]
[funtechinnovation.com/wp-content/uploads/2024/10/WechatIMG208-1024x71.png]
[funtechinnovation.com/wp-content/uploads/essential-addons-elementor/eael-691070bda.js]
[funtechinnovation.com/zh-hant/innex-conference-cam-c831/index.html]
[funtechinnovation.com/wp-content/plugins/easy-fancybox/fancybox/1.5.4/jquery.fancybox5ca0.js]
[funtechinnovation.com/wp-content/uploads/elementor/css/post-22493367c.css]
[funtechinnovation.com/zh-hant/wp-json/wp/v2/pages/22493.json]
[funtechinnovation.com/zh-hant/wp-json/oembed/1.0/embed490d.json]
[funtechinnovation.com/zh-hant/wp-json/oembed/1.0/embedbb36]
[funtechinnovation.com/wp-content/uploads/2024/02/Innex-C830-barcoclickshare-compatible-1024x188-1.png]
[funtechinnovation.com/wp-content/uploads/2021/06/C830backport-1024x421.png]
[funtechinnovation.com/zh-hant/shop/index.html]
[funtechinnovation.com/wp-content/uploads/2021/04/software_icon_2-1-1-1024x73.png]
[funtechinnovation.com/zh-hant/innex/webcam-c830/index.html]
[funtechinnovation.com/wp-content/plugins/easy-fancybox/fancybox/1.5.4/jquery.fancybox6327.js]
[funtechinnovation.com/wp-content/uploads/elementor/css/post-30627f493.css]
[funtechinnovation.com/zh-hant/wp-json/wp/v2/pages/30627.json]
[funtechinnovation.com/zh-hant/wp-json/oembed/1.0/embeda22a.json]
[funtechinnovation.com/zh-hant/wp-json/oembed/1.0/embedc535]
[funtechinnovation.com/wp-content/uploads/2021/04/zoom-in.png]
[funtechinnovation.com/wp-content/uploads/2021/04/angle.png]
[funtechinnovation.com/wp-content/uploads/2022/07/mirror.png]
[funtechinnovation.com/wp-content/uploads/2022/07/remote-control.png]
[funtechinnovation.com/wp-content/uploads/2021/04/visibility.png]
[funtechinnovation.com/wp-content/uploads/2023/12/c570-main-revised.png]
[funtechinnovation.com/wp-content/uploads/2022/07/C570-wideangle-782x1024.jpg]
[funtechinnovation.com/wp-content/uploads/2022/07/C570-autoframing.gif]
[funtechinnovation.com/wp-content/uploads/2022/08/C570-framing-2-and-4.gif]
[funtechinnovation.com/wp-content/uploads/2022/08/C570-zoom-2.gif]
[funtechinnovation.com/wp-content/uploads/2023/12/C570-remote-revise.png]
[funtechinnovation.com/wp-content/uploads/2022/07/C570_5-copy.jpg]
[funtechinnovation.com/wp-content/uploads/2022/07/C570-light-correction-before.jpg]
[funtechinnovation.com/wp-content/uploads/2022/07/C570-light-correction.jpg]
[funtechinnovation.com/wp-content/uploads/2022/07/C570-flip-classroom-1024x652.jpg]
[funtechinnovation.com/wp-content/uploads/2022/08/C570_microphone-1024x576.jpg]
[funtechinnovation.com/wp-content/uploads/2022/10/C570-barco-1-1024x800.png]
[funtechinnovation.com/wp-content/uploads/2022/07/570-privacy-1024x679.png]
[funtechinnovation.com/wp-content/uploads/2022/07/Mounting-options_C570_tripod-1024x683.jpg]
[funtechinnovation.com/wp-content/uploads/2022/07/Mounting-options_C570_tripod-1-1024x683.jpg]
[funtechinnovation.com/wp-content/plugins/easy-fancybox/fancybox/1.5.4/jquery.fancybox9b80.js]
[funtechinnovation.com/wp-content/plugins/elementor-extras/assets/lib/image-comparison/image-comparison.min8a54.js]
[funtechinnovation.com/zh-hant/innex/webcam-c570/index.html]
[funtechinnovation.com/wp-content/plugins/elementor-extras/assets/lib/jquery-mobile/jquery-mobile.min370e.js]
[funtechinnovation.com/wp-content/uploads/elementor/css/post-224911b77.css]
[funtechinnovation.com/zh-hant/wp-json/wp/v2/pages/22491.json]
[funtechinnovation.com/zh-hant/wp-json/oembed/1.0/embed7aa8.json]
[funtechinnovation.com/zh-hant/wp-json/oembed/1.0/embed827d]
[funtechinnovation.com/wp-content/uploads/2024/02/C470_1R-1024x435-3.png]
[funtechinnovation.com/wp-content/uploads/2021/04/C470_lifestyle_1-1024x683.jpg]
[funtechinnovation.com/wp-content/uploads/2021/06/C470framing4-s.jpg]
[funtechinnovation.com/wp-content/uploads/2021/06/C470framing3-s.jpg]
[funtechinnovation.com/wp-content/uploads/2021/06/tracking-1-1024x674.jpg]
[funtechinnovation.com/wp-content/uploads/2021/10/VAP-imageC470-CN.jpg]
[funtechinnovation.com/wp-content/uploads/2021/06/C470_900.gif]
[funtechinnovation.com/wp-content/uploads/2021/04/Mounting-options_C470_tripod-1024x683.jpg]
[funtechinnovation.com/wp-content/uploads/2021/04/Mounting-options_C470_clip-1024x683.jpg]
[funtechinnovation.com/zh-hant/innex/webcam-c470/index.html]
[funtechinnovation.com/wp-content/plugins/easy-fancybox/fancybox/1.5.4/jquery.fancybox52ca.js]
[funtechinnovation.com/wp-content/uploads/elementor/css/post-2248755d3.css]
[funtechinnovation.com/zh-hant/wp-json/wp/v2/pages/22487.json]
[funtechinnovation.com/zh-hant/wp-json/oembed/1.0/embedf45e.json]
[funtechinnovation.com/zh-hant/wp-json/oembed/1.0/embedb1ee]
[funtechinnovation.com/wp-content/uploads/2021/08/C220_Rr.png]
[funtechinnovation.com/wp-content/uploads/2021/04/play-button.png]
[funtechinnovation.com/wp-content/uploads/2021/04/fast-forward.png]
[funtechinnovation.com/wp-content/uploads/2021/07/C220-lowlight-before.jpg]
[funtechinnovation.com/wp-content/uploads/2021/04/C220-lowlight-after.jpg]
[funtechinnovation.com/wp-content/uploads/2021/06/C220mics.jpg]
[funtechinnovation.com/wp-content/uploads/2021/04/C220_lifestyle_2-compressed-1024x686.jpg]
[funtechinnovation.com/wp-content/uploads/2021/08/Thin-edged-clip_R-1024x683.jpg]
[funtechinnovation.com/wp-content/uploads/2021/08/C220_closeR.png]
[funtechinnovation.com/wp-content/uploads/2021/08/C220_openR.png]
[funtechinnovation.com/zh-hant/innex/webcam-c220/index.html]
[funtechinnovation.com/wp-content/plugins/easy-fancybox/fancybox/1.5.4/jquery.fancyboxccc7.js]
[funtechinnovation.com/wp-content/uploads/elementor/css/post-3906287e8.css]
[funtechinnovation.com/zh-hant/wp-json/wp/v2/pages/39062.json]
[funtechinnovation.com/zh-hant/wp-json/oembed/1.0/embed9f78.json]
[funtechinnovation.com/zh-hant/wp-json/oembed/1.0/embede943]
[funtechinnovation.com/wp-content/uploads/2023/05/innex.png]
[funtechinnovation.com/wp-content/uploads/2023/05/camera-stand-main.png]
[funtechinnovation.com/wp-content/uploads/2023/05/stand-allR.jpg]
[funtechinnovation.com/wp-content/uploads/2023/05/tablestand-3type.png]
[funtechinnovation.com/wp-content/uploads/2023/05/Before-stand.jpg]
[funtechinnovation.com/wp-content/uploads/2023/05/After-stand.jpg]
[funtechinnovation.com/wp-content/uploads/2023/05/Innex-Stand.png]
[funtechinnovation.com/wp-content/uploads/2023/05/C830-stand-use-1.jpg]
[funtechinnovation.com/wp-content/uploads/2023/05/cube-stand-use-1.jpg]
[funtechinnovation.com/wp-content/uploads/2023/05/cube-stand-use-2.jpg]
[funtechinnovation.com/zh-hant/innex/table-stand/index.html]
[funtechinnovation.com/wp-content/plugins/easy-fancybox/fancybox/1.5.4/jquery.fancyboxd99e.js]
[funtechinnovation.com/wp-content/uploads/elementor/css/post-371384dff.css]
[funtechinnovation.com/zh-hant/wp-json/wp/v2/pages/37138.json]
[funtechinnovation.com/zh-hant/wp-json/oembed/1.0/embed4a75.json]
[funtechinnovation.com/zh-hant/wp-json/oembed/1.0/embed65a3]
[funtechinnovation.com/wp-content/uploads/2021/04/camera.png]
[funtechinnovation.com/wp-content/uploads/2023/03/smart-focus.png]
[funtechinnovation.com/wp-content/uploads/2023/03/auto-rotate.png]
[funtechinnovation.com/wp-content/uploads/2021/05/plugplay.png]
[funtechinnovation.com/wp-content/uploads/2021/05/pocket-sized.png]
[funtechinnovation.com/wp-content/uploads/2021/05/software.png]
[funtechinnovation.com/wp-content/uploads/2023/06/dc500-mainR.png]
[funtechinnovation.com/wp-content/uploads/2023/05/DC500-s-pic-3-1024x652.jpg]
[funtechinnovation.com/wp-content/uploads/2023/05/ideao-visual-cam_layout-1-1024x576.jpg]
[funtechinnovation.com/wp-content/uploads/2023/05/dc500-webcam-mode-1024x656.jpg]
[funtechinnovation.com/wp-content/uploads/2023/05/DC500-s-webcam-1024x652.jpg]
[funtechinnovation.com/wp-content/uploads/2023/05/DC500-s-doccam-1024x652.jpg]
[funtechinnovation.com/wp-content/uploads/2023/06/Dc500-hwR4-1024x627.png]
[funtechinnovation.com/wp-content/uploads/2023/05/Dc500-hw-button.png]
[funtechinnovation.com/wp-content/uploads/2023/06/Dc500-hw-afR3.png]
[funtechinnovation.com/wp-content/uploads/2023/06/Dc500-hw-rotate-noiseR2.png]
[funtechinnovation.com/wp-content/uploads/2022/01/ideaovisualcam4-1024x576.jpg]
[funtechinnovation.com/wp-content/uploads/2021/04/software_icon_1--1024x73.png]
[funtechinnovation.com/wp-content/cache/wpfc-minified/12zxk4bt/c14zu.css]
[funtechinnovation.com/wp-content/plugins/easy-fancybox/fancybox/1.5.4/jquery.fancybox3341.js]
[funtechinnovation.com/wp-content/plugins/ocean-elementor-widgets/assets/js/vendors/popper.min109c.js]
[funtechinnovation.com/wp-content/plugins/ocean-elementor-widgets/assets/js/vendors/tippy-bundle.umd.min109c.js]
[funtechinnovation.com/zh-hant/innex/visualizer-dc500/index.html]
[funtechinnovation.com/wp-content/plugins/ocean-elementor-widgets/assets/js/hotspots.min109c.js]
[funtechinnovation.com/wp-content/uploads/elementor/css/post-224784bca.css]
[funtechinnovation.com/zh-hant/wp-json/wp/v2/pages/22478.json]
[funtechinnovation.com/zh-hant/wp-json/oembed/1.0/embed3a51.json]
[funtechinnovation.com/zh-hant/wp-json/oembed/1.0/embed59b8]
[funtechinnovation.com/wp-content/uploads/2021/05/A3.png]
[funtechinnovation.com/wp-content/uploads/2021/07/open_process_GIF_R.gif]
[funtechinnovation.com/wp-content/uploads/2021/06/education_webcam_docam-s-1024x683.jpg]
[funtechinnovation.com/wp-content/uploads/2022/01/ideaovisualcamgif.gif]
[funtechinnovation.com/wp-content/uploads/2021/06/A3_shooting-dc400.jpg]
[funtechinnovation.com/wp-content/uploads/2021/06/P4U._Rbip.555-1024x313.png]
[funtechinnovation.com/wp-content/uploads/2021/05/dc400-remote-class-1.jpg]
[funtechinnovation.com/wp-content/uploads/2021/05/onlineclass-software-ideao-dc-1.jpg]
[funtechinnovation.com/wp-content/cache/wpfc-minified/mlhha664/bxf9k.css]
[funtechinnovation.com/zh-hant/ideao/visualizer-dc400/index.html]
[funtechinnovation.com/wp-content/plugins/easy-fancybox/fancybox/1.5.4/jquery.fancybox8275.js]
[funtechinnovation.com/wp-content/uploads/elementor/css/post-36882fc9a.css]
[funtechinnovation.com/zh-hant/wp-json/wp/v2/pages/36882.json]
[funtechinnovation.com/zh-hant/wp-json/oembed/1.0/embed5a19.json]
[funtechinnovation.com/zh-hant/wp-json/oembed/1.0/embedfd5a]
[funtechinnovation.com/wp-content/uploads/2023/04/Innex-connect-main2.png]
[funtechinnovation.com/wp-content/uploads/2023/03/cast-1-1.png]
[funtechinnovation.com/wp-content/uploads/2022/03/plug_n_play.png]
[funtechinnovation.com/wp-content/uploads/2023/04/no-software.png]
[funtechinnovation.com/wp-content/uploads/2023/03/clutter-free-1.png]
[funtechinnovation.com/wp-content/uploads/2023/04/connect-meeting-2-1024x683.jpg]
[funtechinnovation.com/wp-content/uploads/2023/05/connect-Scenario_3R-mobi.jpg]
[funtechinnovation.com/wp-content/uploads/2023/09/connect-screenmirror-1.jpg]
[funtechinnovation.com/wp-content/uploads/2023/09/connect-extendedscreen-1.jpg]
[funtechinnovation.com/wp-content/uploads/2023/09/connect_570_3_wireless-camera-1-1024x859.jpg]
[funtechinnovation.com/wp-content/uploads/2023/09/connect_570_4_speakerphone-1.jpg]
[funtechinnovation.com/wp-content/uploads/2023/04/Innex-connect-after.jpg]
[funtechinnovation.com/wp-content/uploads/2023/08/Innex-connect-traditional-revise.jpg]
[funtechinnovation.com/wp-content/uploads/2023/09/setup_1R-1-1-1024x683.jpg]
[funtechinnovation.com/wp-content/uploads/2023/04/setup_1-1-1024x683.jpg]
[funtechinnovation.com/wp-content/uploads/2023/04/setup_3-3-1024x683.jpg]
[funtechinnovation.com/wp-content/uploads/2023/04/connect-570-bundle.png]
[funtechinnovation.com/zh-hant/innex/connect/index.html]
[funtechinnovation.com/wp-content/plugins/easy-fancybox/fancybox/1.5.4/jquery.fancybox25a5.js]
[funtechinnovation.com/wp-content/uploads/elementor/css/post-28447e473.css]
[funtechinnovation.com/zh-hant/wp-json/wp/v2/pages/28447.json]
[funtechinnovation.com/zh-hant/wp-json/oembed/1.0/embeddaca.json]
[funtechinnovation.com/zh-hant/wp-json/oembed/1.0/embed6ea5]
[funtechinnovation.com/wp-content/uploads/2022/03/ideao-hub_white-svg.png]
[funtechinnovation.com/wp-content/uploads/2022/03/QHD.png]
[funtechinnovation.com/wp-content/uploads/2022/03/pen.png]
[funtechinnovation.com/wp-content/uploads/2022/03/speaker.png]
[funtechinnovation.com/wp-content/uploads/2022/03/hub-connect.png]
[funtechinnovation.com/wp-content/uploads/2022/03/powered.png]
[funtechinnovation.com/wp-content/uploads/2022/03/stand.png]
[funtechinnovation.com/wp-content/uploads/2022/03/lifestyle-hub-discussionmeetingroom-1024x683.jpg]
[funtechinnovation.com/wp-content/uploads/2022/03/1440P_QHD.png]
[funtechinnovation.com/wp-content/uploads/2022/04/WCG-中.png]
[funtechinnovation.com/wp-content/uploads/2022/04/Optical-Bonding-中.png]
[funtechinnovation.com/wp-content/uploads/2022/04/7H-中.png]
[funtechinnovation.com/wp-content/uploads/2022/03/Hub-main.png]
[funtechinnovation.com/wp-content/uploads/2022/03/Hub-scene-2-1024x680.jpg]
[funtechinnovation.com/wp-content/uploads/2022/03/Ideao-Pen-tip.png]
[funtechinnovation.com/wp-content/uploads/2022/03/ideao-hub.pen-pic-594x1024.png]
[funtechinnovation.com/wp-content/uploads/2022/03/ideao_hub_scenario_phone-1024x543.jpg]
[funtechinnovation.com/wp-content/uploads/2022/03/Ideao-Hub-mount4.png]
[funtechinnovation.com/wp-content/uploads/2022/03/Ideao-Hub-mount3.png]
[funtechinnovation.com/wp-content/uploads/2022/03/Ideao-Hub-mount2R.jpg]
[funtechinnovation.com/wp-content/uploads/2022/03/Hub-scene-4-1024x747.jpg]
[funtechinnovation.com/wp-content/uploads/2022/03/Hub-scene-3.jpg]
[funtechinnovation.com/wp-content/uploads/2022/03/Hub-scene-1.jpg]
[funtechinnovation.com/wp-content/uploads/2022/03/Ideao-Hub-scene.2.jpg]
[funtechinnovation.com/wp-content/uploads/2022/03/Ideao-Hub-scene.3.jpg]
[funtechinnovation.com/wp-content/uploads/2022/03/Ideao-Hub-scene.1.jpg]
[funtechinnovation.com/wp-content/cache/wpfc-minified/7c9ai1ew/bxfbp.css]
[funtechinnovation.com/zh-hant/ideao/hub/index.html]
[funtechinnovation.com/wp-content/plugins/easy-fancybox/fancybox/1.5.4/jquery.fancybox8752.js]
[funtechinnovation.com/wp-content/uploads/elementor/css/post-322810665.css]
[funtechinnovation.com/zh-hant/wp-json/wp/v2/pages/32281.json]
[funtechinnovation.com/zh-hant/wp-json/oembed/1.0/embedee26.json]
[funtechinnovation.com/zh-hant/wp-json/oembed/1.0/embed7a7d]
[funtechinnovation.com/wp-content/uploads/2022/09/4096.png]
[funtechinnovation.com/wp-content/uploads/2022/09/windows-ink.png]
[funtechinnovation.com/wp-content/uploads/2022/09/tilt.png]
[funtechinnovation.com/wp-content/uploads/2022/09/usb-charging.png]
[funtechinnovation.com/wp-content/uploads/2022/09/Ideao-Pen_tilt-web-1-1024x666.jpg]
[funtechinnovation.com/wp-content/uploads/2022/09/Ideao-Pen_-charge.jpg]
[funtechinnovation.com/wp-content/uploads/2022/09/pen_acc-1024x920.jpg]
[funtechinnovation.com/zh-hant/ideao/pen/index.html]
[funtechinnovation.com/wp-content/plugins/easy-fancybox/fancybox/1.5.4/jquery.fancybox1adf.js]
[funtechinnovation.com/wp-content/uploads/elementor/css/post-24324cb54.css]
[funtechinnovation.com/zh-hant/wp-json/wp/v2/pages/24324.json]
[funtechinnovation.com/zh-hant/wp-json/oembed/1.0/embed9eb9.json]
[funtechinnovation.com/zh-hant/wp-json/oembed/1.0/embed77f6]
[funtechinnovation.com/wp-content/uploads/2023/05/RS-PRO_black-1-1024x147.png]
[funtechinnovation.com/wp-content/uploads/2023/05/RS-IWB_black-copy-1.png]
[funtechinnovation.com/zh-hant/software/index.html]
[funtechinnovation.com/wp-content/plugins/easy-fancybox/fancybox/1.5.4/jquery.fancybox4284.js]
[funtechinnovation.com/wp-content/uploads/elementor/css/post-22646b807.css]
[funtechinnovation.com/zh-hant/wp-json/wp/v2/pages/22646.json]
[funtechinnovation.com/zh-hant/wp-json/oembed/1.0/embed85ae.json]
[funtechinnovation.com/zh-hant/wp-json/oembed/1.0/embed7b28]
[funtechinnovation.com/wp-content/uploads/2023/02/ideao_hub_blogpost.jpg]
[funtechinnovation.com/wp-content/uploads/2022/11/Reactiv-SUITE_black-1024x188.png]
[funtechinnovation.com/wp-content/uploads/2022/12/file.png]
[funtechinnovation.com/wp-content/uploads/2022/12/user.png]
[funtechinnovation.com/wp-content/uploads/2022/12/Ink-Highlight.png]
[funtechinnovation.com/wp-content/uploads/2022/12/click.png]
[funtechinnovation.com/wp-content/uploads/2022/12/badge.png]
[funtechinnovation.com/wp-content/uploads/2022/12/Present-Mobile-Device.png]
[funtechinnovation.com/wp-content/uploads/2022/09/PITCH-icon.png]
[funtechinnovation.com/wp-content/uploads/2022/11/ReactivPITCH_RoundedSquare_App_LogoWTag-PITCH-Black-copy-1024x206.png]
[funtechinnovation.com/wp-content/uploads/2022/09/STAGE-icon.png]
[funtechinnovation.com/wp-content/uploads/2022/11/ReactivSTAGE_RoundedSquare_App_LogoWTag-STAGE-Black-copy-1024x199.png]
[funtechinnovation.com/wp-content/uploads/2022/09/SCRIBBLE-icon.png]
[funtechinnovation.com/wp-content/uploads/2022/11/ReactivSCRIBBLE_RoundedSquare_App_LogoWTag-SCRIBBLE-Black-copy-1024x163.png]
[funtechinnovation.com/wp-content/uploads/2022/09/0-1-2-min.jpg]
[funtechinnovation.com/wp-content/uploads/2022/09/Thomas-Shnek-BW-min.png]
[funtechinnovation.com/wp-content/uploads/2022/09/Margaret-Atwood-min.jpg]
[funtechinnovation.com/wp-content/uploads/2022/09/Trusted-y-Logos-min-2048x2048-min-1024x1024-1.png]
[funtechinnovation.com/wp-content/uploads/2022/12/RS-for-PC.jpg]
[funtechinnovation.com/wp-content/uploads/2022/12/RS-PRO_black-1024x147.png]
[funtechinnovation.com/wp-content/uploads/2021/07/Reactiv-for-ifpd-900x600-1.jpg]
[funtechinnovation.com/wp-content/uploads/2022/12/RS-IWB_black-1024x149.png]
[funtechinnovation.com/wp-content/uploads/2022/11/bundles-picture-bundle-B.png]
[funtechinnovation.com/wp-content/uploads/2021/07/WechatIMG15316.jpg]
[funtechinnovation.com/wp-content/uploads/2021/07/WechatIMG15428.jpg]
[funtechinnovation.com/wp-content/uploads/2021/07/use-case-1.jpg]
[funtechinnovation.com/wp-content/uploads/2021/07/use-case-2.jpg]
[funtechinnovation.com/wp-content/uploads/2021/07/use-case-3.jpg]
[funtechinnovation.com/wp-content/uploads/2022/11/bundles-picture-no-camera.png]
[funtechinnovation.com/wp-content/uploads/2022/11/bundles-picture-bundle-C.png]
[funtechinnovation.com/wp-content/uploads/2022/11/bundles-picture-cube.png]
[funtechinnovation.com/wp-content/uploads/2021/10/same-size-dc400-768x512.png]
[funtechinnovation.com/wp-content/uploads/2022/04/same-size_hubwpen-768x512.png]
[funtechinnovation.com/wp-content/uploads/2022/12/RS-PRO_black-768x111.png]
[funtechinnovation.com/wp-content/uploads/2022/12/RS-IWB_black-768x112.png]
[funtechinnovation.com/wp-content/uploads/2022/12/Reactiv-SUITE_white-1024x188.png]
[funtechinnovation.com/wp-content/cache/wpfc-minified/14krjl7g/bxezk.css]
[funtechinnovation.com/wp-content/plugins/easy-fancybox/fancybox/1.5.4/jquery.fancybox8014.js]
[funtechinnovation.com/wp-content/plugins/ocean-elementor-widgets/assets/js/testimonial-carousel.min109c.js]
[funtechinnovation.com/wp-content/plugins/ultimate-elementor/assets/lib/js-cookie/js_cookie.min6222.js]
[funtechinnovation.com/wp-content/plugins/ultimate-elementor/assets/min-js/uael-modal-popup.min6222.js]
[funtechinnovation.com/zh-hant/software/reactiv-suite/index.html]
[funtechinnovation.com/wp-content/plugins/ultimate-elementor/assets/lib/jquery-element-resize/jquery_resize.min6222.js]
[funtechinnovation.com/wp-content/cache/wpfc-minified/klmc5za5/e4fg1.css]
[funtechinnovation.com/wp-content/uploads/elementor/css/post-242721e1e.css]
[funtechinnovation.com/zh-hant/wp-json/wp/v2/pages/24272.json]
[funtechinnovation.com/zh-hant/wp-json/oembed/1.0/embede87b.json]
[funtechinnovation.com/zh-hant/wp-json/oembed/1.0/embed866f]
[funtechinnovation.com/wp-content/uploads/2022/09/innexstudio-studiocamera.png]
[funtechinnovation.com/wp-content/uploads/2021/11/videocall-2.jpg]
[funtechinnovation.com/wp-content/uploads/2021/11/videocall.jpg]
[funtechinnovation.com/wp-content/uploads/2021/11/videocall-1.jpg]
[funtechinnovation.com/wp-content/uploads/2021/10/Innex-Studo-image-1024x598.png]
[funtechinnovation.com/wp-content/uploads/2021/10/cloud-service.png]
[funtechinnovation.com/wp-content/uploads/essential-addons-elementor/eael-242726982.js]
[funtechinnovation.com/zh-hant/software/innex-studio/index.html]
[funtechinnovation.com/wp-content/plugins/easy-fancybox/fancybox/1.5.4/jquery.fancybox8473.js]
[funtechinnovation.com/wp-content/uploads/elementor/css/post-2420748e1.css]
[funtechinnovation.com/zh-hant/wp-json/wp/v2/pages/24207.json]
[funtechinnovation.com/zh-hant/wp-json/oembed/1.0/embed0889.json]
[funtechinnovation.com/zh-hant/wp-json/oembed/1.0/embed8b87]
[funtechinnovation.com/wp-content/uploads/2021/10/VAP-PTZC470-ENR.jpg]
[funtechinnovation.com/wp-content/uploads/2021/10/InnexVAP-EPTZ-autoframing-off-880x1024.jpg]
[funtechinnovation.com/wp-content/uploads/2021/09/VAP-C220-picture-1.png]
[funtechinnovation.com/wp-content/uploads/2021/10/InnexVAP-C220-picture-2-1-768x895-1.jpg]
[funtechinnovation.com/zh-hant/software/innex-camera-vap-studio/index.html]
[funtechinnovation.com/wp-content/plugins/easy-fancybox/fancybox/1.5.4/jquery.fancybox2329.js]
[funtechinnovation.com/wp-content/uploads/elementor/css/post-249038ddb.css]
[funtechinnovation.com/zh-hant/wp-json/wp/v2/pages/24903.json]
[funtechinnovation.com/zh-hant/wp-json/oembed/1.0/embed8074.json]
[funtechinnovation.com/zh-hant/wp-json/oembed/1.0/embed74b9]
[funtechinnovation.com/wp-content/uploads/2022/01/ideaocam-logo.png]
[funtechinnovation.com/wp-content/uploads/2022/01/ideaovisualcam1-1024x576.jpg]
[funtechinnovation.com/wp-content/uploads/2022/01/ideaovisualcam2-1024x576.jpg]
[funtechinnovation.com/wp-content/uploads/2022/01/ideaovisualcam3-1024x576.jpg]
[funtechinnovation.com/wp-content/uploads/2022/01/ideaovisualcam5-1024x576.jpg]
[funtechinnovation.com/wp-content/uploads/2022/01/ideaovisualcam6-1024x576.jpg]
[funtechinnovation.com/wp-content/uploads/2022/01/ideaovisualcam101-1024x576.jpg]
[funtechinnovation.com/wp-content/uploads/2022/01/ideaovisualcam7-1024x576.jpg]
[funtechinnovation.com/zh-hant/software/ideao-visualcam/index.html]
[funtechinnovation.com/wp-content/plugins/easy-fancybox/fancybox/1.5.4/jquery.fancyboxd6d4.js]
[funtechinnovation.com/wp-content/uploads/elementor/css/post-27255a3a7.css]
[funtechinnovation.com/wp-content/cache/wpfc-minified/9ml3n2z7/c1hxz.css]
[funtechinnovation.com/zh-hant/wp-json/wp/v2/pages/27255.json]
[funtechinnovation.com/zh-hant/wp-json/oembed/1.0/embed2f7f.json]
[funtechinnovation.com/zh-hant/wp-json/oembed/1.0/embeda6aa]
[funtechinnovation.com/wp-content/uploads/2022/01/ideaocam-record-1024x500.jpg]
[funtechinnovation.com/wp-content/uploads/2022/01/ideaocam-zoom-1024x500.jpg]
[funtechinnovation.com/wp-content/uploads/2022/01/ideaocam1-stopmo-1024x500.jpg]
[funtechinnovation.com/wp-content/uploads/2022/01/ideaocam-google-classroom.001-1.png]
[funtechinnovation.com/zh-hant/software/ideaocam/index.html]
[funtechinnovation.com/wp-content/plugins/easy-fancybox/fancybox/1.5.4/jquery.fancybox97ee.js]
[funtechinnovation.com/wp-content/uploads/elementor/css/post-22645c0f4.css]
[funtechinnovation.com/zh-hant/wp-json/wp/v2/pages/22645.json]
[funtechinnovation.com/zh-hant/wp-json/oembed/1.0/embedcfff.json]
[funtechinnovation.com/zh-hant/wp-json/oembed/1.0/embedc362]
[funtechinnovation.com/wp-content/uploads/2021/04/C470_lifestyle_1-1536x1024.jpg]
[funtechinnovation.com/wp-content/uploads/2021/11/classroom-C830-DC400.jpg]
[funtechinnovation.com/wp-content/uploads/2021/07/workingfromhomekitchen-C220R-1536x1024.jpg]
[funtechinnovation.com/wp-content/uploads/2021/06/education_webcam_docam-s-1536x1024.jpg]
[funtechinnovation.com/wp-content/uploads/2021/06/Online_coaching_teacher-banner-s-1536x878.jpg]
[funtechinnovation.com/zh-hant/solutions/index.html]
[funtechinnovation.com/wp-content/plugins/easy-fancybox/fancybox/1.5.4/jquery.fancyboxa3a5.js]
[funtechinnovation.com/wp-content/cache/wpfc-minified/8a61l5sl/c4ybt.css]
[funtechinnovation.com/wp-content/uploads/elementor/css/post-226493d5a.css]
[funtechinnovation.com/zh-hant/wp-json/wp/v2/pages/22649.json]
[funtechinnovation.com/zh-hant/wp-json/oembed/1.0/embedcd1a.json]
[funtechinnovation.com/zh-hant/wp-json/oembed/1.0/embedc5db]
[funtechinnovation.com/wp-content/uploads/2023/05/sol-uc-product-1.jpg]
[funtechinnovation.com/wp-content/uploads/2023/05/sol-uc-product-2.jpg]
[funtechinnovation.com/wp-content/uploads/2023/05/sol-uc-product-3.jpg]
[funtechinnovation.com/zh-hant/innex/index.html]
[funtechinnovation.com/wp-content/uploads/2023/05/sol-uc-product-4.jpg]
[funtechinnovation.com/wp-content/uploads/2023/08/Huddle-space-solution-vert.jpg]
[funtechinnovation.com/wp-content/uploads/2023/08/Cube-meetingroom-center-1536x508.jpg]
[funtechinnovation.com/wp-content/uploads/2023/08/Mid-Large-projector-room-1536x1024.jpg]
[funtechinnovation.com/wp-content/uploads/2023/10/ideao_hub_hotdesk-1-1536x467.jpg]
[funtechinnovation.com/wp-content/uploads/2023/08/1_cubeIFPD_1280x820-1024x656.png]
[funtechinnovation.com/wp-content/uploads/2023/08/2_C830IFPD_R-1-1-1024x656.png]
[funtechinnovation.com/wp-content/uploads/2023/08/2_C830IFPD-1280x820-1-1-1024x656.png]
[funtechinnovation.com/wp-content/uploads/2023/08/1_cubeIFPD_conversation_R-1-1024x656.png]
[funtechinnovation.com/wp-content/uploads/2023/08/2_C570IFPDConnect_R-1-1024x656.png]
[funtechinnovation.com/wp-content/uploads/2023/08/3_cubeIFPDconnect_gallery-R-1024x656.png]
[funtechinnovation.com/wp-content/uploads/2023/08/1_cubeprojectorhub_1420x800-1-1024x578.png]
[funtechinnovation.com/wp-content/uploads/2023/08/2_cubeIFPD_stage_R-1-1024x656.png]
[funtechinnovation.com/wp-content/uploads/2023/08/3_C590IFPDConnect_R-1-1024x656.png]
[funtechinnovation.com/wp-content/uploads/2023/10/UC-hotdesk-1420x800-1-1024x577.png]
[funtechinnovation.com/wp-content/uploads/2023/10/UC-personalworkspace-1420x800-1-1024x577.png]
[funtechinnovation.com/wp-content/uploads/2023/10/UC-phonebooth-800x800-1.png]
[funtechinnovation.com/wp-content/uploads/2023/03/innex-connect_gray-300x36.png]
[funtechinnovation.com/wp-content/uploads/2022/08/ideao-hub_gray-300x48.png]
[funtechinnovation.com/wp-content/uploads/2023/08/solution-page-product-change-1024x576.png]
[funtechinnovation.com/wp-content/uploads/2023/08/Reactiv-SUITE_black-1024x188.png]
[funtechinnovation.com/wp-content/uploads/elementor/css/post-4179804af.css]
[funtechinnovation.com/wp-content/uploads/elementor/css/post-4180204af.css]
[funtechinnovation.com/wp-content/uploads/elementor/css/post-4180604af.css]
[funtechinnovation.com/wp-content/uploads/elementor/css/post-4181004af.css]
[funtechinnovation.com/wp-content/uploads/elementor/css/post-4181404af.css]
[funtechinnovation.com/wp-content/uploads/elementor/css/post-4181904af.css]
[funtechinnovation.com/wp-content/uploads/elementor/css/post-4182404af.css]
[funtechinnovation.com/wp-content/uploads/elementor/css/post-4182804af.css]
[funtechinnovation.com/wp-content/uploads/elementor/css/post-4183404af.css]
[funtechinnovation.com/wp-content/uploads/elementor/css/post-57501d65f.css]
[funtechinnovation.com/wp-content/uploads/elementor/css/post-57502d65f.css]
[funtechinnovation.com/wp-content/uploads/elementor/css/post-57503d65f.css]
[funtechinnovation.com/wp-content/uploads/essential-addons-elementor/eael-2264940f7.js]
[funtechinnovation.com/zh-hant/solutions/conference-space/index.html]
[funtechinnovation.com/wp-content/plugins/easy-fancybox/fancybox/1.5.4/jquery.fancybox20f6.js]
[funtechinnovation.com/wp-content/cache/wpfc-minified/d2jsy4p8/dgrxk.css]
[funtechinnovation.com/wp-content/uploads/elementor/css/post-2265154a9.css]
[funtechinnovation.com/zh-hant/wp-json/wp/v2/pages/22651.json]
[funtechinnovation.com/zh-hant/wp-json/oembed/1.0/embed9ab0.json]
[funtechinnovation.com/zh-hant/wp-json/oembed/1.0/embed5200]
[funtechinnovation.com/wp-content/uploads/2023/06/Blendedlearning-solution-product-1.jpg]
[funtechinnovation.com/wp-content/uploads/2023/06/Blendedlearning-solution-product-2.jpg]
[funtechinnovation.com/wp-content/uploads/2023/06/Blendedlearning-solution-product-3.jpg]
[funtechinnovation.com/wp-content/uploads/2023/06/blendedlearning-scene-room-1024x576.png]
[funtechinnovation.com/wp-content/uploads/2023/06/blendedlearning-scene-hall-1-1024x576.png]
[funtechinnovation.com/wp-content/uploads/2021/07/same-size_P4U-768x512.png]
[funtechinnovation.com/wp-content/uploads/2023/08/same-size-dc500-1-768x512.png]
[funtechinnovation.com/wp-content/uploads/2023/08/innex-DC500-logo-1.png]
[funtechinnovation.com/wp-content/uploads/2022/09/same-size_ideao-pen-768x512.png]
[funtechinnovation.com/wp-content/uploads/2022/09/ideao-pen_gray-300x59.png]
[funtechinnovation.com/wp-content/uploads/2023/05/solution-page-product-change-1024x576.png]
[funtechinnovation.com/wp-content/uploads/2023/05/Reactiv-SUITE_black-1024x188.png]
[funtechinnovation.com/wp-content/uploads/elementor/css/post-4192854a9.css]
[funtechinnovation.com/wp-content/uploads/elementor/css/post-4193254a9.css]
[funtechinnovation.com/wp-content/uploads/essential-addons-elementor/eael-22651cac4.js]
[funtechinnovation.com/zh-hant/solutions/hybrid-classroom/index.html]
[funtechinnovation.com/wp-content/plugins/easy-fancybox/fancybox/1.5.4/jquery.fancybox64b3.js]
[funtechinnovation.com/wp-content/uploads/elementor/css/post-22657ff07.css]
[funtechinnovation.com/zh-hant/wp-json/wp/v2/pages/22657.json]
[funtechinnovation.com/zh-hant/wp-json/oembed/1.0/embed3442.json]
[funtechinnovation.com/zh-hant/wp-json/oembed/1.0/embed4251]
[funtechinnovation.com/wp-content/uploads/2023/08/scenes.7R-1024x576.png]
[funtechinnovation.com/wp-content/uploads/2021/04/C220_lifestyle_1-compressed-1024x683.jpg]
[funtechinnovation.com/wp-content/uploads/2023/06/scene.wfh_.hub_-1024x768.jpg]
[funtechinnovation.com/wp-content/cache/wpfc-minified/klif18gj/c0ahn.css]
[funtechinnovation.com/zh-hant/solutions/work-from-home/index.html]
[funtechinnovation.com/wp-content/plugins/easy-fancybox/fancybox/1.5.4/jquery.fancyboxe79f.js]
[funtechinnovation.com/wp-content/cache/wpfc-minified/lc53dtrk/dqr6y.css]
[funtechinnovation.com/wp-content/uploads/elementor/css/post-2265523d7.css]
[funtechinnovation.com/zh-hant/wp-json/wp/v2/pages/22655.json]
[funtechinnovation.com/zh-hant/wp-json/oembed/1.0/embed7734.json]
[funtechinnovation.com/zh-hant/wp-json/oembed/1.0/embed4371]
[funtechinnovation.com/wp-content/uploads/2023/06/learnfromhome-scene-1024x799.png]
[funtechinnovation.com/wp-content/uploads/2023/06/teachfromhome-scene-1024x799.png]
[funtechinnovation.com/wp-content/uploads/2021/04/education_camera-1-compressed-1024x683.jpg]
[funtechinnovation.com/wp-content/uploads/2021/11/teachfromhome-ideaodc400-c220.jpg]
[funtechinnovation.com/wp-content/uploads/elementor/css/post-4195223d7.css]
[funtechinnovation.com/wp-content/uploads/elementor/css/post-4195623d7.css]
[funtechinnovation.com/wp-content/uploads/essential-addons-elementor/eael-22655e8de.js]
[funtechinnovation.com/zh-hant/solutions/remote-learning/index.html]
[funtechinnovation.com/wp-content/plugins/easy-fancybox/fancybox/1.5.4/jquery.fancybox13fc.js]
[funtechinnovation.com/wp-content/uploads/elementor/css/post-226537f92.css]
[funtechinnovation.com/zh-hant/wp-json/wp/v2/pages/22653.json]
[funtechinnovation.com/zh-hant/wp-json/oembed/1.0/embed6da8.json]
[funtechinnovation.com/zh-hant/wp-json/oembed/1.0/embeda00a]
[funtechinnovation.com/wp-content/uploads/2021/07/online-compare.001.jpg]
[funtechinnovation.com/wp-content/uploads/2021/07/online-compare.002.jpg]
[funtechinnovation.com/wp-content/uploads/2021/07/compare1.jpg]
[funtechinnovation.com/wp-content/uploads/2021/07/compare2.jpg]
[funtechinnovation.com/wp-content/uploads/2021/06/470-cookingclass.jpg]
[funtechinnovation.com/wp-content/uploads/2021/07/onlinecoaching-violin.jpg]
[funtechinnovation.com/wp-content/uploads/2021/06/dancingclass-830.jpg]
[funtechinnovation.com/wp-content/uploads/2021/07/onlinecoaching-gym.jpg]
[funtechinnovation.com/wp-content/uploads/2021/07/onlinecoaching-band.jpg]
[funtechinnovation.com/wp-content/uploads/2021/04/C830_1-1024x179.png]
[funtechinnovation.com/wp-content/uploads/2021/06/onlinecoaching2-1024x683.jpg]
[funtechinnovation.com/wp-content/uploads/2021/06/onlinecoaching3-1024x683.jpg]
[funtechinnovation.com/wp-content/uploads/2021/06/onlinecoaching1-1024x683.jpg]
[funtechinnovation.com/zh-hant/solutions/online-coaching/index.html]
[funtechinnovation.com/wp-content/plugins/easy-fancybox/fancybox/1.5.4/jquery.fancybox13b3.js]
[funtechinnovation.com/wp-content/cache/wpfc-minified/o97snom/c0bbh.css]
[funtechinnovation.com/wp-content/uploads/elementor/css/post-25029b5e8.css]
[funtechinnovation.com/zh-hant/wp-json/wp/v2/pages/25029.json]
[funtechinnovation.com/zh-hant/wp-json/oembed/1.0/embeda36c.json]
[funtechinnovation.com/zh-hant/wp-json/oembed/1.0/embed32d7]
[funtechinnovation.com/wp-content/uploads/2021/10/digital-table-logo.png]
[funtechinnovation.com/wp-content/uploads/2021/10/digitaltable-concept-1024x576.jpg]
[funtechinnovation.com/wp-content/uploads/2021/07/scenes.7R-1024x576.png]
[funtechinnovation.com/wp-content/uploads/2021/10/scenes-work-huddlespace-1024x576.png]
[funtechinnovation.com/wp-content/uploads/2021/10/scenes-work-mediumroom-1024x576.png]
[funtechinnovation.com/wp-content/uploads/2021/10/scenes-work-mediumroom2-1024x576.png]
[funtechinnovation.com/wp-content/uploads/2021/10/scenes_edu.13R-1024x576.png]
[funtechinnovation.com/wp-content/uploads/2021/10/scenes_edu-teachfromhome-1024x576.png]
[funtechinnovation.com/wp-content/uploads/2021/10/scenes_edu.16RR_C570-1024x576.png]
[funtechinnovation.com/wp-content/uploads/2021/10/scenes_edu-lecturehall-1024x576.png]
[funtechinnovation.com/wp-content/uploads/2021/10/onsite.png]
[funtechinnovation.com/wp-content/uploads/2021/10/housetour.png]
[funtechinnovation.com/wp-content/uploads/2021/10/concept.png]
[funtechinnovation.com/wp-content/uploads/2021/10/coaching.png]
[funtechinnovation.com/wp-content/uploads/2021/10/producttraining.png]
[funtechinnovation.com/wp-content/uploads/elementor/css/post-25033b5e8.css]
[funtechinnovation.com/wp-content/uploads/elementor/css/post-25048b5e8.css]
[funtechinnovation.com/wp-content/uploads/elementor/css/post-25052b5e8.css]
[funtechinnovation.com/wp-content/uploads/elementor/css/post-25056e044.css]
[funtechinnovation.com/wp-content/uploads/elementor/css/post-25062e044.css]
[funtechinnovation.com/wp-content/uploads/elementor/css/post-25066e044.css]
[funtechinnovation.com/wp-content/uploads/elementor/css/post-25071e044.css]
[funtechinnovation.com/wp-content/uploads/elementor/css/post-25076e044.css]
[funtechinnovation.com/wp-content/cache/wpfc-minified/e2aikpzn/c0bbh.css]
[funtechinnovation.com/wp-content/uploads/essential-addons-elementor/eael-250299b33.js]
[funtechinnovation.com/zh-hant/solutions/digital-table/index.html]
[funtechinnovation.com/wp-content/plugins/easy-fancybox/fancybox/1.5.4/jquery.fancybox5f7c.js]
[funtechinnovation.com/wp-content/uploads/elementor/css/post-226599a4f.css]
[funtechinnovation.com/zh-hant/wp-json/wp/v2/pages/22659.json]
[funtechinnovation.com/zh-hant/wp-json/oembed/1.0/embed75e5.json]
[funtechinnovation.com/zh-hant/wp-json/oembed/1.0/embed51e5]
[funtechinnovation.com/zh-hant/support/index.html]
[funtechinnovation.com/wp-content/plugins/easy-fancybox/fancybox/1.5.4/jquery.fancyboxce7d.js]
[funtechinnovation.com/wp-content/cache/wpfc-minified/8tmgr8rz/c711x.css]
[funtechinnovation.com/wp-content/uploads/elementor/css/post-22473f070.css]
[funtechinnovation.com/zh-hant/wp-json/wp/v2/pages/22473.json]
[funtechinnovation.com/zh-hant/wp-json/oembed/1.0/embed5f02.json]
[funtechinnovation.com/zh-hant/wp-json/oembed/1.0/embedae85]
[funtechinnovation.com/wp-content/uploads/2022/05/FAQ-CN-Cam1-300x134.png]
[funtechinnovation.com/wp-content/uploads/2022/05/FAQ-CN-Cam2-1-300x263.png]
[funtechinnovation.com/wp-content/uploads/2022/08/FAQ-Cube-1-300x176.png]
[funtechinnovation.com/wp-content/uploads/2022/08/FAQ-Cube-2-300x185.png]
[funtechinnovation.com/wp-content/uploads/2022/08/FAQ-Cube-03-300x189.png]
[funtechinnovation.com/wp-content/uploads/2022/09/C570-FAQ-fw-1.jpg]
[funtechinnovation.com/wp-content/uploads/2022/09/C570-FAQ-fw2-1-300x28.png]
[funtechinnovation.com/wp-content/uploads/2022/09/C570-FAQ-fw3-300x180.png]
[funtechinnovation.com/wp-content/uploads/2022/09/C570-FAQ-fw4-300x182.png]
[funtechinnovation.com/wp-content/uploads/2022/09/C570-FAQ-fw5-197x300.png]
[funtechinnovation.com/wp-content/uploads/2022/09/C570-FAQ-fw6-192x300.png]
[funtechinnovation.com/wp-content/uploads/2021/09/C470-fw-1.png]
[funtechinnovation.com/wp-content/uploads/2021/09/C470-fw-2.png]
[funtechinnovation.com/wp-content/uploads/2021/11/FAQ-C220-fwupadate.png]
[funtechinnovation.com/wp-content/uploads/2021/09/C220-Audio-Driver-20210927.jpg]
[funtechinnovation.com/wp-content/uploads/2022/07/FAQ-C830-Studio-Camera.png]
[funtechinnovation.com/wp-content/uploads/2024/05/Screenshot-2024-05-23-at-1.48.14 PM-1024x640.png]
[funtechinnovation.com/wp-content/uploads/2024/05/Screenshot-2024-05-23-at-1.59.38 PM-1024x640.png]
[funtechinnovation.com/wp-content/uploads/2024/05/Screenshot-2024-05-23-at-1.59.48 PM-1024x640.png]
[funtechinnovation.com/wp-content/uploads/2024/05/Screenshot-2024-05-23-at-2.00.11 PM-1024x640.png]
[funtechinnovation.com/wp-content/uploads/2024/05/Screenshot-2024-05-24-102327.png]
[funtechinnovation.com/wp-content/uploads/2024/05/Screenshot-2024-05-24-073016.png]
[funtechinnovation.com/wp-content/uploads/2024/05/Screenshot-2024-05-24-073122-1024x554.png]
[funtechinnovation.com/wp-content/uploads/2024/05/Screenshot-2024-05-24-072520-1024x404.jpg]
[funtechinnovation.com/wp-content/uploads/2023/01/VAP-studio-faq-msvs-300x170.png]
[funtechinnovation.com/wp-content/uploads/2021/09/VAP-image-setting_20210927.jpg]
[funtechinnovation.com/wp-content/uploads/2021/10/VAP-EPTZ-autoframing-off-2-880x1024.png]
[funtechinnovation.com/wp-content/uploads/2021/10/VAP-EPTZ.png]
[funtechinnovation.com/wp-content/uploads/2022/04/VAP-block-FAQ0-300x263.png]
[funtechinnovation.com/wp-content/uploads/2022/04/VAP-block-FAQ1-300x188.png]
[funtechinnovation.com/wp-content/uploads/2022/04/VAP-block-FAQ2-300x187.png]
[funtechinnovation.com/wp-content/uploads/2024/12/10_1.png]
[funtechinnovation.com/wp-content/uploads/2024/12/DC500_System-ReportCam-1024x647.png]
[funtechinnovation.com/wp-content/uploads/2024/12/14_1.png]
[funtechinnovation.com/wp-content/uploads/2024/12/14_2.png]
[funtechinnovation.com/wp-content/uploads/2024/12/17.png]
[funtechinnovation.com/wp-content/uploads/2024/12/18_1.png]
[funtechinnovation.com/wp-content/uploads/2024/12/18_2.png]
[funtechinnovation.com/wp-content/uploads/2024/12/21_1.png]
[funtechinnovation.com/wp-content/uploads/2024/12/21_2.png]
[funtechinnovation.com/wp-content/uploads/2024/12/22.png]
[funtechinnovation.com/wp-content/uploads/2024/12/24_1.png]
[funtechinnovation.com/wp-content/uploads/2024/12/DC500SystemReportAudio-1-1024x661.png]
[funtechinnovation.com/wp-content/uploads/2024/12/41-1024x694.png]
[funtechinnovation.com/wp-content/uploads/2024/12/45.png]
[funtechinnovation.com/wp-content/uploads/2024/12/46_1-1024x576.png]
[funtechinnovation.com/wp-content/uploads/2024/12/46_2-1024x576.png]
[funtechinnovation.com/wp-content/uploads/2024/12/50-764x1024.png]
[funtechinnovation.com/wp-content/uploads/2021/11/VM-300x84.png]
[funtechinnovation.com/wp-content/uploads/2021/11/faq-dc400-meet-vm.png]
[funtechinnovation.com/wp-content/uploads/2024/12/圖片_20241203132111-1024x576.jpg]
[funtechinnovation.com/wp-content/uploads/2024/12/73-1024x577.png]
[funtechinnovation.com/wp-content/uploads/2024/12/84-1024x576.png]
[funtechinnovation.com/wp-content/uploads/2024/12/88-1024x577.png]
[funtechinnovation.com/wp-content/uploads/2024/12/92-1024x577.png]
[funtechinnovation.com/wp-content/uploads/2024/12/DeviceManagercam.png]
[funtechinnovation.com/wp-content/uploads/2024/12/DC400_System-reportCam-1024x647.png]
[funtechinnovation.com/wp-content/uploads/2024/12/VisualCamDC400.jpg]
[funtechinnovation.com/wp-content/uploads/2024/12/DC400CameraInZoom.jpg]
[funtechinnovation.com/wp-content/uploads/2024/12/DC400MicInZoom.jpg]
[funtechinnovation.com/wp-content/uploads/2024/12/MicDevice-ManagerAudio.jpg]
[funtechinnovation.com/wp-content/uploads/2024/12/DC400SystemReportAudio-1-1024x691.png]
[funtechinnovation.com/wp-content/uploads/2024/12/DC_400_50Hz.jpg]
[funtechinnovation.com/wp-content/uploads/2022/07/FAQ-DC400-cameraapp.png]
[funtechinnovation.com/wp-content/uploads/2022/07/DC400-FAQ-Camera-Capture.png]
[funtechinnovation.com/wp-content/uploads/2022/07/DC400-FAQ-AMCAP.png]
[funtechinnovation.com/wp-content/uploads/2022/07/DC400-FAQ-webcam-setting-autofocus-disable.png]
[funtechinnovation.com/wp-content/uploads/2024/12/圖片_20241203132119-1.jpg]
[funtechinnovation.com/wp-content/uploads/2023/01/Main-display-300x226.png]
[funtechinnovation.com/wp-content/uploads/2023/01/ControlPanel_Eng-300x283.jpg]
[funtechinnovation.com/wp-content/uploads/2023/01/ControlPanel_Eng_2-300x148.jpg]
[funtechinnovation.com/wp-content/uploads/2023/01/Tablet-PC-settings-300x180.jpg]
[funtechinnovation.com/wp-content/uploads/2023/01/Tablet-PC-setting-258x300.png]
[funtechinnovation.com/wp-content/uploads/2023/01/2023-01-19-13-300x193.png]
[funtechinnovation.com/wp-content/uploads/2023/01/Setup_Eng-300x210.png]
[vizetto.wpengine.com/wp-content/uploads/01-2-e1608737916686.png]
[vizetto.wpengine.com/wp-content/uploads/02-4.png]
[vizetto.wpengine.com/wp-content/uploads/03-3.png]
[vizetto.wpengine.com/wp-content/uploads/04-1.png]
[vizetto.wpengine.com/wp-content/uploads/05-1.png]
[vizetto.wpengine.com/wp-content/uploads/06-2.png]
[vizetto.wpengine.com/wp-content/uploads/07-2.png]
[vizetto.wpengine.com/wp-content/uploads/08-1.png]
[vizetto.wpengine.com/wp-content/uploads/09-2.png]
[vizetto.wpengine.com/wp-content/uploads/02-2.png]
[vizetto.wpengine.com/wp-content/uploads/01-1-1024x544.png]
[vizetto.wpengine.com/wp-content/uploads/01-1.png]
[vizetto.wpengine.com/wp-content/uploads/03-2-1024x735.png]
[vizetto.wpengine.com/wp-content/uploads/Office.jpg]
[vizetto.wpengine.com/wp-content/uploads/Office2.jpg]
[vizetto.wpengine.com/wp-content/uploads/Settings-UI-Colour-1024x548.png]
[vizetto.wpengine.com/wp-content/uploads/Settings-BKG-Media-1024x601.png]
[vizetto.wpengine.com/wp-content/uploads/HomeScreen.jpg]
[vizetto.wpengine.com/wp-content/uploads/Lobby.jpg]
[vizetto.wpengine.com/wp-content/uploads/AddNew.jpg]
[vizetto.wpengine.com/wp-content/uploads/WorkspaceDetails.jpg]
[vizetto.wpengine.com/wp-content/uploads/WorkspaceMedia.jpg]
[vizetto.wpengine.com/wp-content/uploads/Question.jpg]
[vizetto.wpengine.com/wp-content/uploads/09-1.png]
[vizetto.wpengine.com/wp-content/uploads/PF-01.png]
[vizetto.wpengine.com/wp-content/uploads/PF-02.jpg]
[vizetto.wpengine.com/wp-content/uploads/13-83x300.png]
[vizetto.wpengine.com/wp-content/uploads/BR-01.png]
[funtechinnovation.com/wp-content/uploads/elementor/css/post-232943bf0.css]
[funtechinnovation.com/wp-content/uploads/elementor/css/post-316733bf0.css]
[funtechinnovation.com/wp-content/uploads/elementor/css/post-254443bf0.css]
[funtechinnovation.com/wp-content/uploads/elementor/css/post-320923bf0.css]
[funtechinnovation.com/wp-content/uploads/elementor/css/post-2343461d0.css]
[funtechinnovation.com/wp-content/uploads/elementor/css/post-2342761d0.css]
[funtechinnovation.com/wp-content/uploads/elementor/css/post-3637826aa.css]
[funtechinnovation.com/wp-content/uploads/elementor/css/post-2546061d0.css]
[funtechinnovation.com/wp-content/uploads/elementor/css/post-70515bf05.css]
[funtechinnovation.com/wp-content/uploads/elementor/css/post-26009d375.css]
[funtechinnovation.com/wp-content/uploads/elementor/css/post-3639261d0.css]
[funtechinnovation.com/wp-content/uploads/elementor/css/post-3640661d0.css]
[funtechinnovation.com/wp-content/uploads/elementor/css/post-4263661d0.css]
[funtechinnovation.com/wp-content/uploads/elementor/css/post-3168261d0.css]
[funtechinnovation.com/wp-content/uploads/elementor/css/post-2987961d0.css]
[funtechinnovation.com/wp-content/uploads/essential-addons-elementor/eael-224739fd6.js]
[funtechinnovation.com/zh-hant/faq/index.html]
[funtechinnovation.com/wp-content/plugins/easy-fancybox/fancybox/1.5.4/jquery.fancybox566a.js]
[funtechinnovation.com/wp-content/uploads/elementor/css/post-22456278c.css]
[funtechinnovation.com/zh-hant/wp-json/wp/v2/pages/22456.json]
[funtechinnovation.com/zh-hant/wp-json/oembed/1.0/embed99e8.json]
[funtechinnovation.com/zh-hant/wp-json/oembed/1.0/embed642b]
[funtechinnovation.com/wp-content/uploads/2024/12/c830.1541-768x325.png]
[funtechinnovation.com/wp-content/uploads/2024/12/innex-C831_gray-300x41.png]
[funtechinnovation.com/wp-content/uploads/2023/11/same-size_connect-768x512.png]
[funtechinnovation.com/wp-content/uploads/2023/11/innex-connect_gray-300x36.png]
[funtechinnovation.com/wp-content/uploads/2023/08/same-size-dc500-768x512.png]
[funtechinnovation.com/wp-content/uploads/2023/09/innex-DC500-logo-1-300x36.png]
[funtechinnovation.com/wp-content/uploads/2023/02/same-size_Reactiv-768x512.png]
[funtechinnovation.com/zh-hant/downloads/index.html]
[funtechinnovation.com/wp-content/plugins/easy-fancybox/fancybox/1.5.4/jquery.fancyboxd446.js]
[funtechinnovation.com/wp-content/uploads/elementor/css/post-368335ad6.css]
[funtechinnovation.com/zh-hant/wp-json/wp/v2/pages/36833.json]
[funtechinnovation.com/zh-hant/wp-json/oembed/1.0/embeddc16.json]
[funtechinnovation.com/zh-hant/wp-json/oembed/1.0/embed3e6b]
[funtechinnovation.com/wp-content/uploads/2023/02/Client-Mark-Hunter-banner-768x462.jpg]
[funtechinnovation.com/zh-hant/testimonials/index.html]
[funtechinnovation.com/wp-content/plugins/easy-fancybox/fancybox/1.5.4/jquery.fancybox8738.js]
[funtechinnovation.com/zh-hant/testimonials/mark-hunter/index.html]
[funtechinnovation.com/wp-content/uploads/elementor/css/post-22703574a.css]
[funtechinnovation.com/zh-hant/wp-json/wp/v2/posts/40645.json]
[funtechinnovation.com/zh-hant/wp-json/oembed/1.0/embedb7ef.json]
[funtechinnovation.com/zh-hant/wp-json/oembed/1.0/embed958e]
[funtechinnovation.com/wp-content/uploads/2023/07/IFUSA-2023-PR-cover-1.jpg]
[funtechinnovation.com/wp-content/uploads/2023/07/Infocomm-2-1024x757.png]
[funtechinnovation.com/wp-content/uploads/2023/07/Infocomm-3-1024x711.png]
[funtechinnovation.com/zh-hant/2023/07/13/index.html]
[funtechinnovation.com/wp-content/uploads/2023/07/Infocomm-4-1024x768.jpg]
[funtechinnovation.com/wp-content/uploads/2023/07/Infocomm-6-1024x768.jpg]
[funtechinnovation.com/wp-content/uploads/2023/07/Infocomm-2023-PR-1.jpg]
[funtechinnovation.com/wp-content/uploads/2023/07/Infocomm-2023-PR-2.jpg]
[funtechinnovation.com/wp-content/uploads/2023/07/Infocomm-2023-PR-3.jpg]
[funtechinnovation.com/wp-content/uploads/2022/08/rebranding-pr-banner-300x200.jpg]
[funtechinnovation.com/zh-hant/funtech-innovation品牌新形象/index.html]
[funtechinnovation.com/wp-content/uploads/2022/04/PR-FXAP-300x200.jpg]
[funtechinnovation.com/wp-content/uploads/2022/03/PR-banner-0328-300x200.jpg]
[funtechinnovation.com/wp-content/uploads/2023/01/ISE-2023-PR-featured.jpg]
[funtechinnovation.com/wp-content/uploads/2022/09/PR-banner-Hualiteq-中.jpg]
[funtechinnovation.com/zh-hant/fti-partners-with-fujifilm-business-innovation-asia-pacific-to-elevate-office-communication-experience/index.html]
[funtechinnovation.com/zh-hant/fti-announces-a-strategic-alliance-partnership-with-corporate-connection-2/index.html]
[funtechinnovation.com/wp-content/cache/wpfc-minified/8x2oubco/bxdgd.css]
[funtechinnovation.com/wp-content/plugins/easy-fancybox/fancybox/1.5.4/jquery.fancybox367c.js]
[funtechinnovation.com/wp-content/plugins/ultimate-elementor/assets/min-js/uael-social-share.min6222.js]
[funtechinnovation.com/wp-content/plugins/ultimate-elementor/assets/lib/slick/slick.min6222.js]
[funtechinnovation.com/wp-content/plugins/ultimate-elementor/assets/lib/isotope/isotope.min6222.js]
[funtechinnovation.com/wp-content/plugins/ultimate-elementor/assets/min-js/uael-posts.min6222.js]
[funtechinnovation.com/zh-hant/press-release-infocomm-2023/index.html]
[funtechinnovation.com/wp-content/plugins/essential-addons-for-elementor-lite/assets/front-end/js/view/reading-progress.min29ad.js]
[funtechinnovation.com/zh-hant/wp-json/wp/v2/users/6]
[funtechinnovation.com/zh-hant/author/joanna/page/2/index.html]
[funtechinnovation.com/wp-content/uploads/2022/08/rebranding-pr-banner.jpg]
[funtechinnovation.com/zh-hant/author/joanna/feed/index.html]
[funtechinnovation.com/wp-content/uploads/2022/04/PR-FXAP.jpg]
[funtechinnovation.com/wp-content/uploads/2022/03/PR-banner-0328.jpg]
[funtechinnovation.com/wp-content/uploads/2021/10/Boardadvisor1015-PRs.jpg]
[funtechinnovation.com/wp-content/uploads/2021/10/PR-Bilab3.jpg]
[funtechinnovation.com/wp-content/uploads/2021/09/IntelBCA-thumbnail.jpg]
[funtechinnovation.com/zh-hant/fti-announces-jule-limoli-and-michael-festa-as-board-advisors/index.html]
[funtechinnovation.com/wp-content/uploads/2021/09/Chengzhi-PR-0924.jpg]
[funtechinnovation.com/zh-hant/fti-becomes-a-barco-clickshare-alliance-partner/index.html]
[funtechinnovation.com/zh-hant/fti-delivers-a-keynote-speech-at-intelbca2021/index.html]
[funtechinnovation.com/zh-hant/fti-supports-rural-education-in-taiwan-with-chengzhi-educational-foundation/index.html]
[funtechinnovation.com/zh-hant/author/joanna/index.html]
[funtechinnovation.com/wp-content/plugins/easy-fancybox/fancybox/1.5.4/jquery.fancybox7455.js]
[funtechinnovation.com/wp-content/uploads/elementor/css/post-22693d762.css]
[funtechinnovation.com/zh-hant/category/press-release-zh-hant/page/2/index.html]
[funtechinnovation.com/zh-hant/category/press-release-zh-hant/feed/index.html]
[funtechinnovation.com/zh-hant/wp-json/wp/v2/categories/89.json]
[funtechinnovation.com/wp-content/uploads/2021/10/Boardadvisor1015-PRs-300x200.jpg]
[funtechinnovation.com/wp-content/uploads/2021/10/PR-Bilab3-300x200.jpg]
[funtechinnovation.com/wp-content/uploads/2021/09/IntelBCA-thumbnail-300x200.jpg]
[funtechinnovation.com/wp-content/uploads/2021/09/Chengzhi-PR-0924-300x200.jpg]
[funtechinnovation.com/wp-content/uploads/2021/09/USA-PR-01R-300x200.jpg]
[funtechinnovation.com/zh-hant/fti-setups-new-branch-fun-technology-innovation-usa-inc/index.html]
[funtechinnovation.com/wp-content/uploads/2021/08/PR-Bilab3-300x200.jpg]
[funtechinnovation.com/zh-hant/fti-cooperates-with-bilab-to-develop-martech-project/index.html]
[funtechinnovation.com/wp-content/uploads/2021/08/Av-PR-300x200.jpg]
[funtechinnovation.com/zh-hant/fti-announces-avanindra-utukuri-as-board-advisor-and-chief-technology-consultant/index.html]
[funtechinnovation.com/wp-content/uploads/2021/07/PR-office2main-300x200.jpg]
[funtechinnovation.com/zh-hant/fun-technology-innovation-moves-into-new-office-in-new-taipei/index.html]
[funtechinnovation.com/wp-content/uploads/2021/07/PR-banner-vizettoR.jpg]
[funtechinnovation.com/zh-hant/fti-and-vizetto-announce-an-alliance-partnership/index.html]
[funtechinnovation.com/zh-hant/category/press-release-zh-hant/index.html]
[funtechinnovation.com/wp-content/plugins/easy-fancybox/fancybox/1.5.4/jquery.fancybox710a.js]
[funtechinnovation.com/zh-hant/wp-json/wp/v2/posts/36486.json]
[funtechinnovation.com/zh-hant/wp-json/oembed/1.0/embed78a7.json]
[funtechinnovation.com/zh-hant/wp-json/oembed/1.0/embed9c65]
[funtechinnovation.com/wp-content/uploads/2023/01/home-page-20230118All-Products-1024x577.jpg]
[funtechinnovation.com/zh-hant/2023/02/02/index.html]
[funtechinnovation.com/wp-content/uploads/2023/01/ISE-2-300x225.jpg]
[funtechinnovation.com/wp-content/uploads/2023/01/ISE-5.jpg]
[funtechinnovation.com/wp-content/uploads/2023/01/ISE-3-1-300x225.jpg]
[funtechinnovation.com/wp-content/uploads/2023/01/ISE-3-300x225.jpg]
[funtechinnovation.com/zh-hant/ise-2023/index.html]
[funtechinnovation.com/zh-hant/華厚股份有限公司成為宏智科創在台代理商/index.html]
[funtechinnovation.com/wp-content/plugins/easy-fancybox/fancybox/1.5.4/jquery.fancybox4155.js]
[funtechinnovation.com/wp-content/uploads/elementor/css/post-224495b62.css]
[funtechinnovation.com/wp-content/cache/wpfc-minified/eu1m5alw/by8lg.css]
[funtechinnovation.com/zh-hant/wp-json/wp/v2/pages/22449.json]
[funtechinnovation.com/zh-hant/wp-json/oembed/1.0/embedaf21.json]
[funtechinnovation.com/zh-hant/wp-json/oembed/1.0/embedfeb4]
[funtechinnovation.com/wp-content/uploads/2022/08/website-master-logo.png]
[funtechinnovation.com/zh-hant/about-us/index.html]
[funtechinnovation.com/wp-content/plugins/easy-fancybox/fancybox/1.5.4/jquery.fancybox9024.js]
[funtechinnovation.com/zh-hant/ideao/index.html]
[funtechinnovation.com/wp-content/uploads/elementor/css/post-407452788.css]
[funtechinnovation.com/zh-hant/wp-json/wp/v2/pages/40745.json]
[funtechinnovation.com/zh-hant/wp-json/oembed/1.0/embedf135.json]
[funtechinnovation.com/zh-hant/wp-json/oembed/1.0/embed0de3]
[funtechinnovation.com/wp-content/uploads/2023/07/barco-web-logo-svg.jpg]
[funtechinnovation.com/wp-content/uploads/2023/07/Asset-1@2x-8-1024x136.png]
[funtechinnovation.com/zh-hant/technology-partners/index.html]
[funtechinnovation.com/wp-content/cache/wpfc-minified/7wlyf3tu/bxdgw.css]
[funtechinnovation.com/wp-content/uploads/elementor/css/post-236104c5e.css]
[funtechinnovation.com/zh-hant/indexbcd6.html]
[funtechinnovation.com/wp-content/cache/wpfc-minified/dfz914xk/bxdgd.css]
[funtechinnovation.com/wp-content/plugins/easy-fancybox/fancybox/1.5.4/jquery.fancyboxf537.js]
[funtechinnovation.com/wp-content/uploads/2022/03/Cube-meetingroom-centerR.jpg]
[funtechinnovation.com/wp-content/uploads/elementor/css/post-39399e896.css]
[funtechinnovation.com/wp-content/cache/wpfc-minified/e77gs5nk/bxezk.css]
[funtechinnovation.com/zh-hant/index3207.html]
[funtechinnovation.com/wp-content/uploads/elementor/css/post-39517a833.css]
[funtechinnovation.com/zh-hant/wp-json/wp/v2/pages/39517.json]
[funtechinnovation.com/zh-hant/wp-json/oembed/1.0/embed6a77.json]
[funtechinnovation.com/zh-hant/wp-json/oembed/1.0/embedabeb]
[funtechinnovation.com/wp-content/uploads/2023/09/Innex-CM-logo-1024x105.png]
[funtechinnovation.com/wp-content/uploads/2023/09/CM-main-mobile-R-1-692x1024.png]
[funtechinnovation.com/wp-content/uploads/2023/09/Cube-icon-button.png]
[funtechinnovation.com/wp-content/uploads/2023/09/Cube-icon-4cam.png]
[funtechinnovation.com/wp-content/uploads/2023/09/pen.png]
[funtechinnovation.com/wp-content/uploads/2023/09/laptop.png]
[funtechinnovation.com/wp-content/uploads/2023/09/CM-screen-vc.png]
[funtechinnovation.com/wp-content/uploads/2023/09/CM-openspace-1-1-1024x576.jpg]
[funtechinnovation.com/wp-content/uploads/2023/09/CM-casting-1024x683.jpg]
[funtechinnovation.com/wp-content/uploads/2023/09/CM55-cam-1024x407.png]
[funtechinnovation.com/wp-content/uploads/2023/09/CM55-mobilestand-b2-1-1024x690.png]
[funtechinnovation.com/zh-hant/innex/cm-series/index.html]
[funtechinnovation.com/wp-content/cache/wpfc-minified/8j2i4whl/c3ljt.css]
[funtechinnovation.com/wp-content/cache/wpfc-minified/97sjy7r7/bxdgd.css]
[funtechinnovation.com/wp-content/plugins/easy-fancybox/fancybox/1.5.4/jquery.fancyboxb09f.js]
[funtechinnovation.com/wp-content/uploads/2022/04/cube-background-green.jpg]
[funtechinnovation.com/wp-content/uploads/elementor/css/post-277204051.css]
[funtechinnovation.com/wp-content/cache/wpfc-minified/mo7g6zxg/bxfnh.css]
[funtechinnovation.com/zh-hant/indexaefa.html]
[funtechinnovation.com/wp-content/uploads/elementor/css/post-214928b9f.css]
[funtechinnovation.com/wp-content/cache/wpfc-minified/8vw6oicd/2hd0u.css]
[funtechinnovation.com/wp-content/uploads/2024/10/c830.1618_R-scaled-e1729137137759.jpg]
[funtechinnovation.com/wp-content/uploads/2024/10/Panoramic-View-pic-1-scaled.jpg]
[funtechinnovation.com/wp-content/uploads/2024/10/WechatIMG233.jpg]
[funtechinnovation.com/wp-content/uploads/2022/08/camera_banner_orange_s.jpg]
[funtechinnovation.com/wp-content/uploads/2024/10/c830.1618_R-1-1200x700.jpg]
[funtechinnovation.com/wp-content/uploads/2024/10/WechatIMG200-1.jpg]
[funtechinnovation.com/wp-content/uploads/elementor/css/post-691074bc6.css]
[funtechinnovation.com/zh-hant/index50f2.html]
[funtechinnovation.com/wp-content/uploads/2021/04/C830_lifestyle_1-æ·è²-compressed.jpg]
[funtechinnovation.com/wp-content/uploads/elementor/css/post-22493367c.css]
[funtechinnovation.com/zh-hant/index6a5b.html]
[funtechinnovation.com/zh-hant/wp-json/wp/v2/pages/6.json]
[funtechinnovation.com/zh-hant/wp-json/oembed/1.0/embed16ec.json]
[funtechinnovation.com/zh-hant/wp-json/oembed/1.0/embedcd8d]
[funtechinnovation.com/zh-hant/shop/index.html]
[funtechinnovation.com/wp-content/plugins/easy-fancybox/fancybox/1.5.4/jquery.fancybox57aa.js]
[funtechinnovation.com/wp-content/uploads/2022/07/C570_banner_1.jpg]
[funtechinnovation.com/wp-content/uploads/2022/08/C570_sensor_white-2.jpg]
[funtechinnovation.com/wp-content/uploads/2022/07/C570-meetingroom-bg.jpg]
[funtechinnovation.com/wp-content/uploads/elementor/css/post-30627f493.css]
[funtechinnovation.com/zh-hant/index38bd.html]
[funtechinnovation.com/wp-content/uploads/2021/04/C470_banner-4.jpg]
[funtechinnovation.com/wp-content/uploads/elementor/css/post-224911b77.css]
[funtechinnovation.com/zh-hant/index8774.html]
[funtechinnovation.com/wp-content/uploads/2021/08/C220_banner_logoR-scaled.jpg]
[funtechinnovation.com/wp-content/uploads/2021/04/C220_lifestyle_1-compressed-scaled.jpg]
[funtechinnovation.com/wp-content/uploads/elementor/css/post-2248755d3.css]
[funtechinnovation.com/zh-hant/index0a36.html]
[funtechinnovation.com/wp-content/uploads/elementor/css/post-3906287e8.css]
[funtechinnovation.com/zh-hant/indexabab.html]
[funtechinnovation.com/wp-content/uploads/2023/06/DC500-banner-R.jpg]
[funtechinnovation.com/wp-content/uploads/2023/05/Dc500-hw-flip1.png]
[funtechinnovation.com/wp-content/uploads/2023/06/Dc500-hw-flip2R.png]
[funtechinnovation.com/wp-content/uploads/2023/05/DC500_portable-bg.jpg]
[funtechinnovation.com/wp-content/uploads/elementor/css/post-371384dff.css]
[funtechinnovation.com/zh-hant/indexf97d.html]
[funtechinnovation.com/wp-content/cache/wpfc-minified/12zxk4bt/c14zu.css]
[funtechinnovation.com/wp-content/uploads/2021/06/DC400_200_banner_RR-s.jpg]
[funtechinnovation.com/wp-content/uploads/2021/06/dc400frontflip.png]
[funtechinnovation.com/wp-content/uploads/2021/06/dc400backflip.png]
[funtechinnovation.com/wp-content/uploads/2021/07/DC400_scenario_1.jpg]
[funtechinnovation.com/wp-content/uploads/elementor/css/post-224784bca.css]
[funtechinnovation.com/zh-hant/index381b.html]
[funtechinnovation.com/wp-content/cache/wpfc-minified/mlhha664/bxf9k.css]
[funtechinnovation.com/wp-content/uploads/2023/04/innex-connect_banner-2-1.jpg]
[funtechinnovation.com/wp-content/uploads/2023/05/connect-Scenario_3R.jpg]
[funtechinnovation.com/wp-content/uploads/2023/09/connect-meeting-1-copy-1.jpg]
[funtechinnovation.com/wp-content/uploads/2023/05/FTI-allproduct-s.jpg]
[funtechinnovation.com/wp-content/uploads/elementor/css/post-36882fc9a.css]
[funtechinnovation.com/zh-hant/index3ac4.html]
[funtechinnovation.com/wp-content/uploads/2022/04/Hub_home_compressed.png]
[funtechinnovation.com/wp-content/uploads/2022/03/ideao_hub_scenario_.jpg]
[funtechinnovation.com/wp-content/uploads/2022/03/boss.png]
[funtechinnovation.com/wp-content/uploads/elementor/css/post-28447e473.css]
[funtechinnovation.com/zh-hant/index6baf.html]
[funtechinnovation.com/wp-content/cache/wpfc-minified/7c9ai1ew/bxfbp.css]
[funtechinnovation.com/wp-content/uploads/2022/09/Ideao-pen-bannerR2.jpg]
[funtechinnovation.com/wp-content/uploads/2022/09/Pen_2_full-hub-web.jpg]
[funtechinnovation.com/wp-content/uploads/elementor/css/post-322810665.css]
[funtechinnovation.com/zh-hant/index1b11.html]
[funtechinnovation.com/wp-content/uploads/elementor/css/post-24324cb54.css]
[funtechinnovation.com/zh-hant/index8bc4.html]
[funtechinnovation.com/wp-content/uploads/2021/07/Banner-RSSolutions-220_Design2_s.jpg]
[funtechinnovation.com/wp-content/uploads/elementor/css/post-22646b807.css]
[funtechinnovation.com/zh-hant/index3063.html]
[funtechinnovation.com/wp-content/cache/wpfc-minified/14krjl7g/bxezk.css]
[funtechinnovation.com/wp-content/cache/wpfc-minified/klmc5za5/e4fg1.css]
[funtechinnovation.com/wp-content/uploads/2021/07/WechatIMG15634.jpg]
[funtechinnovation.com/wp-content/uploads/elementor/css/post-242721e1e.css]
[funtechinnovation.com/zh-hant/index069b.html]
[funtechinnovation.com/wp-content/uploads/elementor/css/post-2420748e1.css]
[funtechinnovation.com/zh-hant/index5146.html]
[funtechinnovation.com/wp-content/uploads/2021/10/Ideaodc400banner.jpg]
[funtechinnovation.com/wp-content/uploads/elementor/css/post-249038ddb.css]
[funtechinnovation.com/zh-hant/index49be.html]
[funtechinnovation.com/wp-content/uploads/elementor/css/post-27255a3a7.css]
[funtechinnovation.com/wp-content/cache/wpfc-minified/9ml3n2z7/c1hxz.css]
[funtechinnovation.com/zh-hant/index0800.html]
[funtechinnovation.com/wp-content/uploads/2023/04/connect-meeting-3.jpg]
[funtechinnovation.com/wp-content/uploads/elementor/css/post-22645c0f4.css]
[funtechinnovation.com/zh-hant/index3c65.html]
[funtechinnovation.com/wp-content/cache/wpfc-minified/8a61l5sl/c4ybt.css]
[funtechinnovation.com/wp-content/uploads/2023/08/Cube-meetingroom-centerR.jpg]
[funtechinnovation.com/wp-content/uploads/elementor/css/post-226493d5a.css]
[funtechinnovation.com/zh-hant/indexb6cb.html]
[funtechinnovation.com/wp-content/uploads/elementor/css/post-22484038f.css]
[funtechinnovation.com/zh-hant/wp-json/wp/v2/pages/22484.json]
[funtechinnovation.com/zh-hant/wp-json/oembed/1.0/embedab3f.json]
[funtechinnovation.com/zh-hant/wp-json/oembed/1.0/embeda984]
[funtechinnovation.com/zh-hant/innex/index.html]
[funtechinnovation.com/wp-content/uploads/elementor/css/post-4179804af.css]
[funtechinnovation.com/wp-content/uploads/elementor/css/post-4180204af.css]
[funtechinnovation.com/wp-content/uploads/elementor/css/post-4180604af.css]
[funtechinnovation.com/wp-content/uploads/elementor/css/post-4181004af.css]
[funtechinnovation.com/wp-content/uploads/elementor/css/post-4181404af.css]
[funtechinnovation.com/wp-content/uploads/elementor/css/post-4181904af.css]
[funtechinnovation.com/wp-content/uploads/elementor/css/post-4182404af.css]
[funtechinnovation.com/wp-content/uploads/elementor/css/post-4182804af.css]
[funtechinnovation.com/wp-content/uploads/elementor/css/post-4183404af.css]
[funtechinnovation.com/wp-content/uploads/elementor/css/post-57501d65f.css]
[funtechinnovation.com/wp-content/uploads/elementor/css/post-57502d65f.css]
[funtechinnovation.com/wp-content/uploads/elementor/css/post-57503d65f.css]
[funtechinnovation.com/wp-content/cache/wpfc-minified/d2jsy4p8/dgrxk.css]
[funtechinnovation.com/wp-content/plugins/easy-fancybox/fancybox/1.5.4/jquery.fancybox14ea.js]
[funtechinnovation.com/wp-content/uploads/2021/11/classroom-C830-DC400-1.jpg]
[funtechinnovation.com/wp-content/uploads/2023/05/primary-schoolgirls-doing-experiment-in-classroom-2022-03-04-01-48-46-utc-1.jpg]
[funtechinnovation.com/wp-content/uploads/elementor/css/post-2265154a9.css]
[funtechinnovation.com/zh-hant/indexfa7e.html]
[funtechinnovation.com/wp-content/uploads/elementor/css/post-4192854a9.css]
[funtechinnovation.com/wp-content/uploads/elementor/css/post-4193254a9.css]
[funtechinnovation.com/wp-content/uploads/2023/06/WFH-banner-new.jpg]
[funtechinnovation.com/wp-content/uploads/2023/06/Work-from-home_desk-copy.jpg]
[funtechinnovation.com/wp-content/uploads/elementor/css/post-22657ff07.css]
[funtechinnovation.com/zh-hant/indexcde0.html]
[funtechinnovation.com/wp-content/cache/wpfc-minified/klif18gj/c0ahn.css]
[funtechinnovation.com/wp-content/cache/wpfc-minified/lc53dtrk/dqr6y.css]
[funtechinnovation.com/wp-content/uploads/2023/06/teachfromhome-banner.jpg]
[funtechinnovation.com/wp-content/uploads/elementor/css/post-2265523d7.css]
[funtechinnovation.com/zh-hant/index48d3.html]
[funtechinnovation.com/wp-content/uploads/elementor/css/post-4195223d7.css]
[funtechinnovation.com/wp-content/uploads/elementor/css/post-4195623d7.css]
[funtechinnovation.com/wp-content/uploads/2021/06/Online_coaching_teacher-banner-s.jpg]
[funtechinnovation.com/wp-content/uploads/2021/06/Online_coaching_DC400-C220-banner-1.jpg]
[funtechinnovation.com/wp-content/uploads/2021/07/Online_coaching_yogabanner.jpg]
[funtechinnovation.com/wp-content/uploads/elementor/css/post-226537f92.css]
[funtechinnovation.com/zh-hant/index19db.html]
[funtechinnovation.com/wp-content/cache/wpfc-minified/o97snom/c0bbh.css]
[funtechinnovation.com/wp-content/uploads/2021/10/digital-table-banner-s.jpg]
[funtechinnovation.com/wp-content/uploads/2021/07/Scribble_Banner_1_R-1.jpg]
[funtechinnovation.com/wp-content/uploads/elementor/css/post-25029b5e8.css]
[funtechinnovation.com/zh-hant/indexd51f.html]
[funtechinnovation.com/wp-content/uploads/elementor/css/post-25033b5e8.css]
[funtechinnovation.com/wp-content/uploads/elementor/css/post-25048b5e8.css]
[funtechinnovation.com/wp-content/uploads/elementor/css/post-25052b5e8.css]
[funtechinnovation.com/wp-content/uploads/elementor/css/post-25056e044.css]
[funtechinnovation.com/wp-content/uploads/elementor/css/post-25062e044.css]
[funtechinnovation.com/wp-content/uploads/elementor/css/post-25066e044.css]
[funtechinnovation.com/wp-content/uploads/elementor/css/post-25071e044.css]
[funtechinnovation.com/wp-content/uploads/elementor/css/post-25076e044.css]
[funtechinnovation.com/wp-content/cache/wpfc-minified/e2aikpzn/c0bbh.css]
[funtechinnovation.com/wp-content/uploads/elementor/css/post-226599a4f.css]
[funtechinnovation.com/zh-hant/index542e.html]
[funtechinnovation.com/wp-content/cache/wpfc-minified/8tmgr8rz/c711x.css]
[funtechinnovation.com/wp-content/uploads/2022/08/camera_banner_gray_Rs.jpg]
[funtechinnovation.com/wp-content/uploads/elementor/css/post-22473f070.css]
[funtechinnovation.com/zh-hant/indexb1a0.html]
[funtechinnovation.com/zh-hant/downloads/https_/funtechinnovation.com/zh-hant/downloads/index.html]
[funtechinnovation.com/wp-content/uploads/elementor/css/post-232943bf0.css]
[funtechinnovation.com/wp-content/uploads/elementor/css/post-316733bf0.css]
[funtechinnovation.com/wp-content/uploads/elementor/css/post-254443bf0.css]
[funtechinnovation.com/wp-content/uploads/elementor/css/post-320923bf0.css]
[funtechinnovation.com/wp-content/uploads/elementor/css/post-2343461d0.css]
[funtechinnovation.com/wp-content/uploads/elementor/css/post-2342761d0.css]
[funtechinnovation.com/wp-content/uploads/elementor/css/post-3637826aa.css]
[funtechinnovation.com/wp-content/uploads/elementor/css/post-2546061d0.css]
[funtechinnovation.com/wp-content/uploads/elementor/css/post-70515bf05.css]
[funtechinnovation.com/wp-content/uploads/elementor/css/post-26009d375.css]
[funtechinnovation.com/wp-content/uploads/elementor/css/post-3639261d0.css]
[funtechinnovation.com/wp-content/uploads/elementor/css/post-3640661d0.css]
[funtechinnovation.com/wp-content/uploads/elementor/css/post-4263661d0.css]
[funtechinnovation.com/wp-content/uploads/elementor/css/post-3168261d0.css]
[funtechinnovation.com/wp-content/uploads/elementor/css/post-2987961d0.css]
[funtechinnovation.com/wp-content/uploads/elementor/css/post-22456278c.css]
[funtechinnovation.com/zh-hant/index0086.html]
[funtechinnovation.com/wp-content/uploads/2023/01/home-page-20230118All-Products.jpg]
[funtechinnovation.com/wp-content/uploads/elementor/css/post-368335ad6.css]
[funtechinnovation.com/zh-hant/indexdeac.html]
[funtechinnovation.com/wp-content/uploads/elementor/css/post-3665908f5.css]
[funtechinnovation.com/zh-hant/wp-json/wp/v2/pages/36659.json]
[funtechinnovation.com/zh-hant/wp-json/oembed/1.0/embed603c.json]
[funtechinnovation.com/zh-hant/wp-json/oembed/1.0/embed1551]
[funtechinnovation.com/wp-content/uploads/2023/02/Mark-Hunter-min.png]
[funtechinnovation.com/wp-content/uploads/2022/11/bundles-picture-cube-1024x576.png]
[funtechinnovation.com/wp-content/uploads/2022/08/ideao-hub_gray.png]
[funtechinnovation.com/wp-content/uploads/2023/02/Testimonial-MH-3-1024x576.jpg]
[funtechinnovation.com/wp-content/uploads/2023/02/Testimonial-MH-2-1024x576.jpg]
[funtechinnovation.com/wp-content/uploads/2023/02/Testimonial-MH-1-1024x576.jpg]
[funtechinnovation.com/zh-hant/testimonials/mark-hunter/index.html]
[funtechinnovation.com/wp-content/uploads/elementor/css/post-22703574a.css]
[funtechinnovation.com/zh-hant/indexc4e3.html]
[funtechinnovation.com/wp-content/plugins/easy-fancybox/fancybox/1.5.4/jquery.fancybox6b62.js]
[funtechinnovation.com/zh-hant/2023/07/13/index.html]
[funtechinnovation.com/zh-hant/funtech-innovation品牌新形象/index.html]
[funtechinnovation.com/wp-content/plugins/easy-fancybox/fancybox/1.5.4/jquery.fancyboxbb06.js]
[funtechinnovation.com/zh-hant/wp-json/wp/v2/posts/28880.json]
[funtechinnovation.com/zh-hant/wp-json/oembed/1.0/embede753.json]
[funtechinnovation.com/zh-hant/wp-json/oembed/1.0/embed8e05]
[funtechinnovation.com/zh-hant/fti-partners-with-fujifilm-business-innovation-asia-pacific-to-elevate-office-communication-experience/index.html]
[funtechinnovation.com/wp-content/plugins/easy-fancybox/fancybox/1.5.4/jquery.fancyboxfefe.js]
[funtechinnovation.com/zh-hant/2022/04/06/index.html]
[funtechinnovation.com/zh-hant/wp-json/wp/v2/posts/28679.json]
[funtechinnovation.com/zh-hant/wp-json/oembed/1.0/embed2580.json]
[funtechinnovation.com/zh-hant/wp-json/oembed/1.0/embed519e]
[funtechinnovation.com/zh-hant/fti-announces-a-strategic-alliance-partnership-with-corporate-connection-2/index.html]
[funtechinnovation.com/wp-content/cache/wpfc-minified/8x2oubco/bxdgd.css]
[funtechinnovation.com/wp-content/plugins/easy-fancybox/fancybox/1.5.4/jquery.fancyboxdc07.js]
[funtechinnovation.com/wp-content/uploads/2021/09/USA-PR-01R.jpg]
[funtechinnovation.com/zh-hant/2022/03/28/index.html]
[funtechinnovation.com/wp-content/uploads/2021/08/PR-Bilab3.jpg]
[funtechinnovation.com/wp-content/uploads/2021/08/Av-PR.jpg]
[funtechinnovation.com/wp-content/uploads/2021/07/PR-office2main.jpg]
[funtechinnovation.com/zh-hant/author/joanna/page/2/index.html]
[funtechinnovation.com/zh-hant/wp-json/wp/v2/users/6.json]
[funtechinnovation.com/wp-content/plugins/easy-fancybox/fancybox/1.5.4/jquery.fancybox3054.js]
[funtechinnovation.com/zh-hant/wp-json/wp/v2/posts/25120.json]
[funtechinnovation.com/zh-hant/wp-json/oembed/1.0/embed53b2.json]
[funtechinnovation.com/zh-hant/wp-json/oembed/1.0/embed9091]
[funtechinnovation.com/zh-hant/fti-announces-jule-limoli-and-michael-festa-as-board-advisors/index.html]
[funtechinnovation.com/wp-content/plugins/easy-fancybox/fancybox/1.5.4/jquery.fancybox340d.js]
[funtechinnovation.com/zh-hant/2021/10/15/index.html]
[funtechinnovation.com/zh-hant/wp-json/wp/v2/posts/27262.json]
[funtechinnovation.com/zh-hant/wp-json/oembed/1.0/embed74ce.json]
[funtechinnovation.com/zh-hant/wp-json/oembed/1.0/embed1784]
[funtechinnovation.com/wp-content/uploads/2021/07/same-size_C8302-300x200.png]
[funtechinnovation.com/zh-hant/2021/10/07/index.html]
[funtechinnovation.com/wp-content/uploads/2021/07/same-size_C4702-300x200.png]
[funtechinnovation.com/wp-content/uploads/2021/10/clickshare-300x300.png]
[funtechinnovation.com/zh-hant/fti-becomes-a-barco-clickshare-alliance-partner/index.html]
[funtechinnovation.com/wp-content/plugins/easy-fancybox/fancybox/1.5.4/jquery.fancyboxc7e9.js]
[funtechinnovation.com/zh-hant/wp-json/wp/v2/posts/27265.json]
[funtechinnovation.com/zh-hant/wp-json/oembed/1.0/embed06ab.json]
[funtechinnovation.com/zh-hant/wp-json/oembed/1.0/embedc882]
[funtechinnovation.com/wp-content/uploads/2021/09/Thomas-poster-min.jpg]
[funtechinnovation.com/zh-hant/2021/09/29/index.html]
[funtechinnovation.com/zh-hant/fti-delivers-a-keynote-speech-at-intelbca2021/index.html]
[funtechinnovation.com/wp-content/plugins/easy-fancybox/fancybox/1.5.4/jquery.fancybox6d18.js]
[funtechinnovation.com/zh-hant/wp-json/wp/v2/posts/23226.json]
[funtechinnovation.com/zh-hant/wp-json/oembed/1.0/embed240f.json]
[funtechinnovation.com/zh-hant/wp-json/oembed/1.0/embed2a52]
[funtechinnovation.com/wp-content/uploads/2021/09/Chengzhi2-PR-0924-1024x665.jpg]
[funtechinnovation.com/zh-hant/fti-supports-rural-education-in-taiwan-with-chengzhi-educational-foundation/index.html]
[funtechinnovation.com/wp-content/plugins/easy-fancybox/fancybox/1.5.4/jquery.fancybox4bc4.js]
[funtechinnovation.com/zh-hant/category/press-release-zh-hant/page/2/index.html]
[funtechinnovation.com/wp-content/plugins/easy-fancybox/fancybox/1.5.4/jquery.fancybox042d.js]
[funtechinnovation.com/zh-hant/2021/09/24/index.html]
[funtechinnovation.com/wp-content/uploads/2022/11/shutterstock_1336132628-1.jpg]
[funtechinnovation.com/wp-content/uploads/elementor/css/post-22693d762.css]
[funtechinnovation.com/zh-hant/wp-json/wp/v2/posts/23212.json]
[funtechinnovation.com/zh-hant/wp-json/oembed/1.0/embed566d.json]
[funtechinnovation.com/zh-hant/wp-json/oembed/1.0/embedece9]
[funtechinnovation.com/wp-content/uploads/2021/09/FTI-US-PR-02.jpg]
[funtechinnovation.com/wp-content/uploads/2021/09/FTI-US-PR-03-300x182.jpg]
[funtechinnovation.com/zh-hant/2021/09/06/index.html]
[funtechinnovation.com/zh-hant/fti-setups-new-branch-fun-technology-innovation-usa-inc/index.html]
[funtechinnovation.com/wp-content/plugins/easy-fancybox/fancybox/1.5.4/jquery.fancybox6b76.js]
[funtechinnovation.com/zh-hant/wp-json/wp/v2/posts/22503.json]
[funtechinnovation.com/zh-hant/wp-json/oembed/1.0/embed908c.json]
[funtechinnovation.com/zh-hant/wp-json/oembed/1.0/embed76f4]
[funtechinnovation.com/zh-hant/fti-cooperates-with-bilab-to-develop-martech-project/index.html]
[funtechinnovation.com/wp-content/plugins/easy-fancybox/fancybox/1.5.4/jquery.fancyboxb83f.js]
[funtechinnovation.com/zh-hant/2021/08/03/index.html]
[funtechinnovation.com/zh-hant/wp-json/wp/v2/posts/22506.json]
[funtechinnovation.com/zh-hant/wp-json/oembed/1.0/embed82fb.json]
[funtechinnovation.com/zh-hant/wp-json/oembed/1.0/embedece3]
[funtechinnovation.com/zh-hant/fti-announces-avanindra-utukuri-as-board-advisor-and-chief-technology-consultant/index.html]
[funtechinnovation.com/wp-content/plugins/easy-fancybox/fancybox/1.5.4/jquery.fancyboxbfa6.js]
[funtechinnovation.com/zh-hant/wp-json/wp/v2/posts/22508.json]
[funtechinnovation.com/zh-hant/wp-json/oembed/1.0/embed2c4d.json]
[funtechinnovation.com/zh-hant/wp-json/oembed/1.0/embed5a39]
[funtechinnovation.com/wp-content/uploads/2021/07/PR-office1R.jpg]
[funtechinnovation.com/zh-hant/2021/07/23/index.html]
[funtechinnovation.com/wp-content/uploads/2021/07/PR-office2.jpg]
[funtechinnovation.com/wp-content/uploads/2021/07/PR-office3.jpg]
[funtechinnovation.com/wp-content/uploads/2021/07/PR-office4R.jpg]
[funtechinnovation.com/wp-content/uploads/2021/07/office-5R-scaled.jpg]
[funtechinnovation.com/wp-content/uploads/2021/07/PR-office6R.jpg]
[funtechinnovation.com/zh-hant/fun-technology-innovation-moves-into-new-office-in-new-taipei/index.html]
[funtechinnovation.com/wp-content/plugins/easy-fancybox/fancybox/1.5.4/jquery.fancybox6755.js]
[funtechinnovation.com/zh-hant/wp-json/wp/v2/posts/22510.json]
[funtechinnovation.com/zh-hant/wp-json/oembed/1.0/embed3681.json]
[funtechinnovation.com/zh-hant/wp-json/oembed/1.0/embedf548]
[funtechinnovation.com/zh-hant/fti-and-vizetto-announce-an-alliance-partnership/index.html]
[funtechinnovation.com/zh-hant/index2369.html]
[funtechinnovation.com/wp-content/plugins/easy-fancybox/fancybox/1.5.4/jquery.fancybox1b74.js]
[funtechinnovation.com/zh-hant/2023/02/02/index.html]
[funtechinnovation.com/wp-content/plugins/easy-fancybox/fancybox/1.5.4/jquery.fancybox0ef8.js]
[funtechinnovation.com/zh-hant/2021/07/15/index.html]
[funtechinnovation.com/wp-content/uploads/2023/03/C580-Lifestyle-meeting-room.jpg]
[funtechinnovation.com/wp-content/uploads/elementor/css/post-224495b62.css]
[funtechinnovation.com/wp-content/cache/wpfc-minified/eu1m5alw/by8lg.css]
[funtechinnovation.com/zh-hant/indexf09e.html]
[funtechinnovation.com/wp-content/uploads/elementor/css/post-22476ab57.css]
[funtechinnovation.com/zh-hant/wp-json/wp/v2/pages/22476.json]
[funtechinnovation.com/zh-hant/wp-json/oembed/1.0/embed881e.json]
[funtechinnovation.com/zh-hant/wp-json/oembed/1.0/embed2f25]
[funtechinnovation.com/zh-hant/ideao/index.html]
[funtechinnovation.com/wp-content/uploads/elementor/css/post-407452788.css]
[funtechinnovation.com/zh-hant/index169d.html]
[funtechinnovation.com/wp-content/plugins/easy-fancybox/fancybox/1.5.4/jquery.fancyboxb00c.js]
[funtechinnovation.com/wp-content/uploads/2023/09/CM_Home_S_R-3-3.jpg]
[funtechinnovation.com/wp-content/uploads/2023/09/CM_stand-R-1.png]
[funtechinnovation.com/wp-content/uploads/2023/09/CM55-cam.png]
[funtechinnovation.com/wp-content/uploads/2023/09/CM_wirelesspod-3-1.jpg]
[funtechinnovation.com/wp-content/uploads/2023/09/CM-5-1.jpg]
[funtechinnovation.com/wp-content/uploads/elementor/css/post-39517a833.css]
[funtechinnovation.com/zh-hant/indexbbcf.html]
[funtechinnovation.com/wp-content/uploads/2021/04/C830_lifestyle_1-æ·è²-compressed.html]
[funtechinnovation.com/zh-hant/index42dc.html]
[funtechinnovation.com/wp-content/uploads/2022/03/Cube-meetingroom-center.jpg]
[funtechinnovation.com/wp-content/uploads/elementor/css/post-22484038f.css]
[funtechinnovation.com/zh-hant/index9b1b.html]
[funtechinnovation.com/wp-content/uploads/2023/02/Client-Mark-Hunter-banner.jpg]
[funtechinnovation.com/wp-content/uploads/elementor/css/post-3665908f5.css]
[funtechinnovation.com/zh-hant/indexea3d.html]
[funtechinnovation.com/zh-hant/indexe8d9.html]
[funtechinnovation.com/zh-hant/2022/04/06/index.html]
[funtechinnovation.com/zh-hant/index70b8.html]
[funtechinnovation.com/wp-content/plugins/easy-fancybox/fancybox/1.5.4/jquery.fancybox8417.js]
[funtechinnovation.com/zh-hant/2022/03/28/index.html]
[funtechinnovation.com/zh-hant/author/joanna/page/1/index.html]
[funtechinnovation.com/zh-hant/index3fe2.html]
[funtechinnovation.com/wp-content/plugins/easy-fancybox/fancybox/1.5.4/jquery.fancybox68c3.js]
[funtechinnovation.com/zh-hant/2021/10/15/index.html]
[funtechinnovation.com/zh-hant/index8ccd.html]
[funtechinnovation.com/wp-content/plugins/easy-fancybox/fancybox/1.5.4/jquery.fancyboxbacc.js]
[funtechinnovation.com/zh-hant/2021/10/07/index.html]
[funtechinnovation.com/zh-hant/index605d.html]
[funtechinnovation.com/wp-content/plugins/easy-fancybox/fancybox/1.5.4/jquery.fancybox1daa.js]
[funtechinnovation.com/zh-hant/2021/09/29/index.html]
[funtechinnovation.com/zh-hant/indexedf5.html]
[funtechinnovation.com/wp-content/plugins/easy-fancybox/fancybox/1.5.4/jquery.fancyboxd1ff.js]
[funtechinnovation.com/zh-hant/2021/09/24/index.html]
[funtechinnovation.com/zh-hant/index86b5.html]
[funtechinnovation.com/wp-content/plugins/easy-fancybox/fancybox/1.5.4/jquery.fancybox5b48.js]
[funtechinnovation.com/zh-hant/2021/09/06/index.html]
[funtechinnovation.com/zh-hant/indexe029.html]
[funtechinnovation.com/wp-content/plugins/easy-fancybox/fancybox/1.5.4/jquery.fancybox837f.js]
[funtechinnovation.com/zh-hant/2021/08/03/index.html]
[funtechinnovation.com/zh-hant/indexc93b.html]
[funtechinnovation.com/zh-hant/index79c4.html]
[funtechinnovation.com/wp-content/plugins/easy-fancybox/fancybox/1.5.4/jquery.fancybox1e69.js]
[funtechinnovation.com/zh-hant/2021/07/23/index.html]
[funtechinnovation.com/zh-hant/indexeed5.html]
[funtechinnovation.com/wp-content/plugins/easy-fancybox/fancybox/1.5.4/jquery.fancyboxba8d.js]
[funtechinnovation.com/zh-hant/2021/07/15/index.html]
[funtechinnovation.com/zh-hant/solutions/reactiv-suite/index.html]
[funtechinnovation.com/wp-content/plugins/easy-fancybox/fancybox/1.5.4/jquery.fancyboxf2ce.js]
[funtechinnovation.com/wp-content/uploads/2022/03/lifestyle-hub-discussionmeetingroom.jpg]
[funtechinnovation.com/wp-content/uploads/elementor/css/post-22476ab57.css]
[funtechinnovation.com/zh-hant/index93cf.html]
